Archive member included to satisfy reference by file (symbol)

c:/st/stm32cubeide_1.9.0/stm32cubeide/plugins/com.st.stm32cube.ide.mcu.externaltools.gnu-tools-for-stm32.10.3-2021.10.win32_1.0.0.202111181127/tools/bin/../lib/gcc/arm-none-eabi/10.3.1/../../../../arm-none-eabi/lib/thumb/v7e-m+dp/hard\libc_nano.a(lib_a-atof.o)
                              ./Core/Src/DSP_Polynom.o (atof)
c:/st/stm32cubeide_1.9.0/stm32cubeide/plugins/com.st.stm32cube.ide.mcu.externaltools.gnu-tools-for-stm32.10.3-2021.10.win32_1.0.0.202111181127/tools/bin/../lib/gcc/arm-none-eabi/10.3.1/../../../../arm-none-eabi/lib/thumb/v7e-m+dp/hard\libc_nano.a(lib_a-errno.o)
                              ./Core/Src/syscalls.o (__errno)
c:/st/stm32cubeide_1.9.0/stm32cubeide/plugins/com.st.stm32cube.ide.mcu.externaltools.gnu-tools-for-stm32.10.3-2021.10.win32_1.0.0.202111181127/tools/bin/../lib/gcc/arm-none-eabi/10.3.1/../../../../arm-none-eabi/lib/thumb/v7e-m+dp/hard\libc_nano.a(lib_a-exit.o)
                              c:/st/stm32cubeide_1.9.0/stm32cubeide/plugins/com.st.stm32cube.ide.mcu.externaltools.gnu-tools-for-stm32.10.3-2021.10.win32_1.0.0.202111181127/tools/bin/../lib/gcc/arm-none-eabi/10.3.1/../../../../arm-none-eabi/lib/thumb/v7e-m+dp/hard/crt0.o (exit)
c:/st/stm32cubeide_1.9.0/stm32cubeide/plugins/com.st.stm32cube.ide.mcu.externaltools.gnu-tools-for-stm32.10.3-2021.10.win32_1.0.0.202111181127/tools/bin/../lib/gcc/arm-none-eabi/10.3.1/../../../../arm-none-eabi/lib/thumb/v7e-m+dp/hard\libc_nano.a(lib_a-findfp.o)
                              ./Middlewares/Third_Party/FreeRTOS/tasks.o (__sf_fake_stderr)
c:/st/stm32cubeide_1.9.0/stm32cubeide/plugins/com.st.stm32cube.ide.mcu.externaltools.gnu-tools-for-stm32.10.3-2021.10.win32_1.0.0.202111181127/tools/bin/../lib/gcc/arm-none-eabi/10.3.1/../../../../arm-none-eabi/lib/thumb/v7e-m+dp/hard\libc_nano.a(lib_a-fwalk.o)
                              c:/st/stm32cubeide_1.9.0/stm32cubeide/plugins/com.st.stm32cube.ide.mcu.externaltools.gnu-tools-for-stm32.10.3-2021.10.win32_1.0.0.202111181127/tools/bin/../lib/gcc/arm-none-eabi/10.3.1/../../../../arm-none-eabi/lib/thumb/v7e-m+dp/hard\libc_nano.a(lib_a-findfp.o) (_fwalk)
c:/st/stm32cubeide_1.9.0/stm32cubeide/plugins/com.st.stm32cube.ide.mcu.externaltools.gnu-tools-for-stm32.10.3-2021.10.win32_1.0.0.202111181127/tools/bin/../lib/gcc/arm-none-eabi/10.3.1/../../../../arm-none-eabi/lib/thumb/v7e-m+dp/hard\libc_nano.a(lib_a-impure.o)
                              c:/st/stm32cubeide_1.9.0/stm32cubeide/plugins/com.st.stm32cube.ide.mcu.externaltools.gnu-tools-for-stm32.10.3-2021.10.win32_1.0.0.202111181127/tools/bin/../lib/gcc/arm-none-eabi/10.3.1/../../../../arm-none-eabi/lib/thumb/v7e-m+dp/hard\libc_nano.a(lib_a-exit.o) (_global_impure_ptr)
c:/st/stm32cubeide_1.9.0/stm32cubeide/plugins/com.st.stm32cube.ide.mcu.externaltools.gnu-tools-for-stm32.10.3-2021.10.win32_1.0.0.202111181127/tools/bin/../lib/gcc/arm-none-eabi/10.3.1/../../../../arm-none-eabi/lib/thumb/v7e-m+dp/hard\libc_nano.a(lib_a-init.o)
                              c:/st/stm32cubeide_1.9.0/stm32cubeide/plugins/com.st.stm32cube.ide.mcu.externaltools.gnu-tools-for-stm32.10.3-2021.10.win32_1.0.0.202111181127/tools/bin/../lib/gcc/arm-none-eabi/10.3.1/../../../../arm-none-eabi/lib/thumb/v7e-m+dp/hard/crt0.o (__libc_init_array)
c:/st/stm32cubeide_1.9.0/stm32cubeide/plugins/com.st.stm32cube.ide.mcu.externaltools.gnu-tools-for-stm32.10.3-2021.10.win32_1.0.0.202111181127/tools/bin/../lib/gcc/arm-none-eabi/10.3.1/../../../../arm-none-eabi/lib/thumb/v7e-m+dp/hard\libc_nano.a(lib_a-lock.o)
                              c:/st/stm32cubeide_1.9.0/stm32cubeide/plugins/com.st.stm32cube.ide.mcu.externaltools.gnu-tools-for-stm32.10.3-2021.10.win32_1.0.0.202111181127/tools/bin/../lib/gcc/arm-none-eabi/10.3.1/../../../../arm-none-eabi/lib/thumb/v7e-m+dp/hard\libc_nano.a(lib_a-findfp.o) (__retarget_lock_init_recursive)
c:/st/stm32cubeide_1.9.0/stm32cubeide/plugins/com.st.stm32cube.ide.mcu.externaltools.gnu-tools-for-stm32.10.3-2021.10.win32_1.0.0.202111181127/tools/bin/../lib/gcc/arm-none-eabi/10.3.1/../../../../arm-none-eabi/lib/thumb/v7e-m+dp/hard\libc_nano.a(lib_a-memcpy-stub.o)
                              ./Core/Src/DSP_Polynom.o (memcpy)
c:/st/stm32cubeide_1.9.0/stm32cubeide/plugins/com.st.stm32cube.ide.mcu.externaltools.gnu-tools-for-stm32.10.3-2021.10.win32_1.0.0.202111181127/tools/bin/../lib/gcc/arm-none-eabi/10.3.1/../../../../arm-none-eabi/lib/thumb/v7e-m+dp/hard\libc_nano.a(lib_a-memset.o)
                              c:/st/stm32cubeide_1.9.0/stm32cubeide/plugins/com.st.stm32cube.ide.mcu.externaltools.gnu-tools-for-stm32.10.3-2021.10.win32_1.0.0.202111181127/tools/bin/../lib/gcc/arm-none-eabi/10.3.1/../../../../arm-none-eabi/lib/thumb/v7e-m+dp/hard/crt0.o (memset)
[...]
Memory Configuration

Name             Origin             Length             Attributes
RAM_D1           0x0000000024000000 0x0000000000080000 xrw
FLASH            0x0000000008000000 0x0000000000100000 xr
DTCMRAM          0x0000000020000000 0x0000000000020000 xrw
RAM_D2           0x0000000030000000 0x0000000000048000 xrw
RAM_D3           0x0000000038000000 0x0000000000010000 xrw
ITCMRAM          0x0000000000000000 0x0000000000010000 xrw
*default*        0x0000000000000000 0xffffffffffffffff

Linker script and memory map

LOAD c:/st/stm32cubeide_1.9.0/stm32cubeide/plugins/com.st.stm32cube.ide.mcu.externaltools.gnu-tools-for-stm32.10.3-2021.10.win32_1.0.0.202111181127/tools/bin/../lib/gcc/arm-none-eabi/10.3.1/thumb/v7e-m+dp/hard/crti.o
LOAD c:/st/stm32cubeide_1.9.0/stm32cubeide/plugins/com.st.stm32cube.ide.mcu.externaltools.gnu-tools-for-stm32.10.3-2021.10.win32_1.0.0.202111181127/tools/bin/../lib/gcc/arm-none-eabi/10.3.1/thumb/v7e-m+dp/hard/crtbegin.o
LOAD c:/st/stm32cubeide_1.9.0/stm32cubeide/plugins/com.st.stm32cube.ide.mcu.externaltools.gnu-tools-for-stm32.10.3-2021.10.win32_1.0.0.202111181127/tools/bin/../lib/gcc/arm-none-eabi/10.3.1/../../../../arm-none-eabi/lib/thumb/v7e-m+dp/hard/crt0.o
LOAD ./Common/Src/system_stm32h7xx_dualcore_boot_cm4_cm7.o
LOAD ./Core/Src/DSP_Polynom.o
LOAD ./Core/Src/DSP_TransferFunction.o
LOAD ./Core/Src/freertos.o
LOAD ./Core/Src/main.o
LOAD ./Core/Src/stm32h7xx_hal_msp.o
LOAD ./Core/Src/stm32h7xx_hal_timebase_tim.o
LOAD ./Core/Src/stm32h7xx_it.o
LOAD ./Core/Src/syscalls.o
LOAD ./Core/Src/sysmem.o
LOAD ./Core/Startup/startup_stm32h745zitx.o
LOAD ./Drivers/STM32H7xx_HAL_Driver/stm32h7xx_hal.o
LOAD ./Drivers/STM32H7xx_HAL_Driver/stm32h7xx_hal_cortex.o
LOAD ./Drivers/STM32H7xx_HAL_Driver/stm32h7xx_hal_dma.o
LOAD ./Drivers/STM32H7xx_HAL_Driver/stm32h7xx_hal_dma_ex.o
LOAD ./Drivers/STM32H7xx_HAL_Driver/stm32h7xx_hal_exti.o
LOAD ./Drivers/STM32H7xx_HAL_Driver/stm32h7xx_hal_flash.o
LOAD ./Drivers/STM32H7xx_HAL_Driver/stm32h7xx_hal_flash_ex.o
LOAD ./Drivers/STM32H7xx_HAL_Driver/stm32h7xx_hal_gpio.o
LOAD ./Drivers/STM32H7xx_HAL_Driver/stm32h7xx_hal_hsem.o
LOAD ./Drivers/STM32H7xx_HAL_Driver/stm32h7xx_hal_i2c.o
LOAD ./Drivers/STM32H7xx_HAL_Driver/stm32h7xx_hal_i2c_ex.o
LOAD ./Drivers/STM32H7xx_HAL_Driver/stm32h7xx_hal_mdma.o
LOAD ./Drivers/STM32H7xx_HAL_Driver/stm32h7xx_hal_pwr.o
LOAD ./Drivers/STM32H7xx_HAL_Driver/stm32h7xx_hal_pwr_ex.o
LOAD ./Drivers/STM32H7xx_HAL_Driver/stm32h7xx_hal_rcc.o
LOAD ./Drivers/STM32H7xx_HAL_Driver/stm32h7xx_hal_rcc_ex.o
LOAD ./Drivers/STM32H7xx_HAL_Driver/stm32h7xx_hal_tim.o
LOAD ./Drivers/STM32H7xx_HAL_Driver/stm32h7xx_hal_tim_ex.o
LOAD ./Middlewares/Third_Party/FreeRTOS/cmsis_os2.o
LOAD ./Middlewares/Third_Party/FreeRTOS/croutine.o
LOAD ./Middlewares/Third_Party/FreeRTOS/event_groups.o
LOAD ./Middlewares/Third_Party/FreeRTOS/heap_4.o
LOAD ./Middlewares/Third_Party/FreeRTOS/list.o
LOAD ./Middlewares/Third_Party/FreeRTOS/port.o
LOAD ./Middlewares/Third_Party/FreeRTOS/queue.o
LOAD ./Middlewares/Third_Party/FreeRTOS/stream_buffer.o
LOAD ./Middlewares/Third_Party/FreeRTOS/tasks.o
LOAD ./Middlewares/Third_Party/FreeRTOS/timers.o
START GROUP
LOAD c:/st/stm32cubeide_1.9.0/stm32cubeide/plugins/com.st.stm32cube.ide.mcu.externaltools.gnu-tools-for-stm32.10.3-2021.10.win32_1.0.0.202111181127/tools/bin/../lib/gcc/arm-none-eabi/10.3.1/../../../../arm-none-eabi/lib/thumb/v7e-m+dp/hard\libc_nano.a
LOAD c:/st/stm32cubeide_1.9.0/stm32cubeide/plugins/com.st.stm32cube.ide.mcu.externaltools.gnu-tools-for-stm32.10.3-2021.10.win32_1.0.0.202111181127/tools/bin/../lib/gcc/arm-none-eabi/10.3.1/../../../../arm-none-eabi/lib/thumb/v7e-m+dp/hard\libm.a
END GROUP
START GROUP
LOAD c:/st/stm32cubeide_1.9.0/stm32cubeide/plugins/com.st.stm32cube.ide.mcu.externaltools.gnu-tools-for-stm32.10.3-2021.10.win32_1.0.0.202111181127/tools/bin/../lib/gcc/arm-none-eabi/10.3.1/thumb/v7e-m+dp/hard\libgcc.a
LOAD c:/st/stm32cubeide_1.9.0/stm32cubeide/plugins/com.st.stm32cube.ide.mcu.externaltools.gnu-tools-for-stm32.10.3-2021.10.win32_1.0.0.202111181127/tools/bin/../lib/gcc/arm-none-eabi/10.3.1/../../../../arm-none-eabi/lib/thumb/v7e-m+dp/hard\libc_nano.a
END GROUP
START GROUP
LOAD c:/st/stm32cubeide_1.9.0/stm32cubeide/plugins/com.st.stm32cube.ide.mcu.externaltools.gnu-tools-for-stm32.10.3-2021.10.win32_1.0.0.202111181127/tools/bin/../lib/gcc/arm-none-eabi/10.3.1/thumb/v7e-m+dp/hard\libgcc.a
LOAD c:/st/stm32cubeide_1.9.0/stm32cubeide/plugins/com.st.stm32cube.ide.mcu.externaltools.gnu-tools-for-stm32.10.3-2021.10.win32_1.0.0.202111181127/tools/bin/../lib/gcc/arm-none-eabi/10.3.1/../../../../arm-none-eabi/lib/thumb/v7e-m+dp/hard\libc_nano.a
LOAD c:/st/stm32cubeide_1.9.0/stm32cubeide/plugins/com.st.stm32cube.ide.mcu.externaltools.gnu-tools-for-stm32.10.3-2021.10.win32_1.0.0.202111181127/tools/bin/../lib/gcc/arm-none-eabi/10.3.1/../../../../arm-none-eabi/lib/thumb/v7e-m+dp/hard\libnosys.a
END GROUP
START GROUP
LOAD c:/st/stm32cubeide_1.9.0/stm32cubeide/plugins/com.st.stm32cube.ide.mcu.externaltools.gnu-tools-for-stm32.10.3-2021.10.win32_1.0.0.202111181127/tools/bin/../lib/gcc/arm-none-eabi/10.3.1/thumb/v7e-m+dp/hard\libgcc.a
LOAD c:/st/stm32cubeide_1.9.0/stm32cubeide/plugins/com.st.stm32cube.ide.mcu.externaltools.gnu-tools-for-stm32.10.3-2021.10.win32_1.0.0.202111181127/tools/bin/../lib/gcc/arm-none-eabi/10.3.1/../../../../arm-none-eabi/lib/thumb/v7e-m+dp/hard\libc_nano.a
LOAD c:/st/stm32cubeide_1.9.0/stm32cubeide/plugins/com.st.stm32cube.ide.mcu.externaltools.gnu-tools-for-stm32.10.3-2021.10.win32_1.0.0.202111181127/tools/bin/../lib/gcc/arm-none-eabi/10.3.1/../../../../arm-none-eabi/lib/thumb/v7e-m+dp/hard\libnosys.a
END GROUP
LOAD c:/st/stm32cubeide_1.9.0/stm32cubeide/plugins/com.st.stm32cube.ide.mcu.externaltools.gnu-tools-for-stm32.10.3-2021.10.win32_1.0.0.202111181127/tools/bin/../lib/gcc/arm-none-eabi/10.3.1/thumb/v7e-m+dp/hard/crtend.o
LOAD c:/st/stm32cubeide_1.9.0/stm32cubeide/plugins/com.st.stm32cube.ide.mcu.externaltools.gnu-tools-for-stm32.10.3-2021.10.win32_1.0.0.202111181127/tools/bin/../lib/gcc/arm-none-eabi/10.3.1/thumb/v7e-m+dp/hard/crtn.o
                0x0000000024080000                _estack = (ORIGIN (RAM_D1) + LENGTH (RAM_D1))
                0x0000000000000200                _Min_Heap_Size = 0x200
                0x0000000000000400                _Min_Stack_Size = 0x400

.isr_vector     0x0000000008000000      0x298
                0x0000000008000000                . = ALIGN (0x4)
 *(.isr_vector)
 .isr_vector    0x0000000008000000      0x298 ./Core/Startup/startup_stm32h745zitx.o
                0x0000000008000000                g_pfnVectors
                0x0000000008000298                . = ALIGN (0x4)

.text           0x00000000080002a0     0x64dc
                0x00000000080002a0                . = ALIGN (0x4)
 *(.text)
 .text          0x00000000080002a0       0x40 c:/st/stm32cubeide_1.9.0/stm32cubeide/plugins/com.st.stm32cube.ide.mcu.externaltools.gnu-tools-for-stm32.10.3-2021.10.win32_1.0.0.202111181127/tools/bin/../lib/gcc/arm-none-eabi/10.3.1/thumb/v7e-m+dp/hard/crtbegin.o
 *(.text*)
 .text.SystemInit
                0x00000000080002e0      0x12c ./Common/Src/system_stm32h7xx_dualcore_boot_cm4_cm7.o
                0x00000000080002e0                SystemInit
 .text.DSP_PolynomInit
                0x000000000800040c       0x4e ./Core/Src/DSP_Polynom.o
                0x000000000800040c                DSP_PolynomInit
 .text.DSP_SumPolynom
                0x000000000800045a       0xe0 ./Core/Src/DSP_Polynom.o
                0x000000000800045a                DSP_SumPolynom
 .text.DSP_MulPolynom
                0x000000000800053a       0xcc ./Core/Src/DSP_Polynom.o
                0x000000000800053a                DSP_MulPolynom
 .text.DSP_MulScalarPolynom
                0x0000000008000606       0x70 ./Core/Src/DSP_Polynom.o
                0x0000000008000606                DSP_MulScalarPolynom
 .text.DSP_DevideScalarPolynom
                0x0000000008000676       0x70 ./Core/Src/DSP_Polynom.o
                0x0000000008000676                DSP_DevideScalarPolynom
 *fill*         0x00000000080006e6        0x2 
 .text.DSP_PowPolynom
                0x00000000080006e8       0xd4 ./Core/Src/DSP_Polynom.o
                0x00000000080006e8                DSP_PowPolynom
 .text.DSP_CpyPolynom
                0x00000000080007bc       0x66 ./Core/Src/DSP_Polynom.o
                0x00000000080007bc                DSP_CpyPolynom
 *fill*         0x0000000008000822        0x6 
 .text.DSP_C2D  0x0000000008000828      0x4c4 ./Core/Src/DSP_TransferFunction.o
                0x0000000008000828                DSP_C2D
 .text.DSP_vGenerateSignal
                0x0000000008000cec       0x8c ./Core/Src/DSP_TransferFunction.o
                0x0000000008000cec                DSP_vGenerateSignal
 .text.DSP_vSetInput
                0x0000000008000d78       0x32 ./Core/Src/DSP_TransferFunction.o
                0x0000000008000d78                DSP_vSetInput
 *fill*         0x0000000008000daa        0x6 
 .text.main     0x0000000008000db0      0x198 ./Core/Src/main.o
                0x0000000008000db0                main
 .text.SystemClock_Config
                0x0000000008000f48       0xfc ./Core/Src/main.o
                0x0000000008000f48                SystemClock_Config
 .text.MX_TIM7_Init
                0x0000000008001044       0x6c ./Core/Src/main.o
 .text.Sine2Function
                0x00000000080010b0       0x7c ./Core/Src/main.o
                0x00000000080010b0                Sine2Function
 *fill*         0x000000000800112c        0x4 
 .text.Sine10Function
                0x0000000008001130       0x7c ./Core/Src/main.o
                0x0000000008001130                Sine10Function
 .text.SumFunction
                0x00000000080011ac       0x48 ./Core/Src/main.o
                0x00000000080011ac                SumFunction
 .text.HAL_TIM_PeriodElapsedCallback
                0x00000000080011f4       0x24 ./Core/Src/main.o
                0x00000000080011f4                HAL_TIM_PeriodElapsedCallback
 .text.Error_Handler
                0x0000000008001218        0xa ./Core/Src/main.o
                0x0000000008001218                Error_Handler
 *fill*         0x0000000008001222        0x2 
 .text.HAL_MspInit
                0x0000000008001224       0x3c ./Core/Src/stm32h7xx_hal_msp.o
                0x0000000008001224                HAL_MspInit
 .text.HAL_TIM_Base_MspInit
                0x0000000008001260       0x50 ./Core/Src/stm32h7xx_hal_msp.o
                0x0000000008001260                HAL_TIM_Base_MspInit
 .text.HAL_InitTick
                0x00000000080012b0       0xd8 ./Core/Src/stm32h7xx_hal_timebase_tim.o
                0x00000000080012b0                HAL_InitTick
 .text.NMI_Handler
                0x0000000008001388        0x6 ./Core/Src/stm32h7xx_it.o
                0x0000000008001388                NMI_Handler
 .text.HardFault_Handler
                0x000000000800138e        0x6 ./Core/Src/stm32h7xx_it.o
                0x000000000800138e                HardFault_Handler
 .text.MemManage_Handler
                0x0000000008001394        0x6 ./Core/Src/stm32h7xx_it.o
                0x0000000008001394                MemManage_Handler
 .text.BusFault_Handler
                0x000000000800139a        0x6 ./Core/Src/stm32h7xx_it.o
                0x000000000800139a                BusFault_Handler
 .text.UsageFault_Handler
                0x00000000080013a0        0x6 ./Core/Src/stm32h7xx_it.o
                0x00000000080013a0                UsageFault_Handler
 .text.DebugMon_Handler
                0x00000000080013a6        0xe ./Core/Src/stm32h7xx_it.o
                0x00000000080013a6                DebugMon_Handler
 .text.TIM6_DAC_IRQHandler
                0x00000000080013b4       0x14 ./Core/Src/stm32h7xx_it.o
                0x00000000080013b4                TIM6_DAC_IRQHandler
 .text.TIM7_IRQHandler
                0x00000000080013c8       0x14 ./Core/Src/stm32h7xx_it.o
                0x00000000080013c8                TIM7_IRQHandler
 .text.Reset_Handler
                0x00000000080013dc       0x50 ./Core/Startup/startup_stm32h745zitx.o
                0x00000000080013dc                Reset_Handler
 .text.Default_Handler
                0x000000000800142c        0x2 ./Core/Startup/startup_stm32h745zitx.o
                0x000000000800142c                RTC_Alarm_IRQHandler
                0x000000000800142c                EXTI2_IRQHandler
                0x000000000800142c                TIM8_CC_IRQHandler
                0x000000000800142c                HRTIM1_Master_IRQHandler
                0x000000000800142c                UART8_IRQHandler
                0x000000000800142c                SPI4_IRQHandler
                0x000000000800142c                TIM1_CC_IRQHandler
                0x000000000800142c                BDMA_Channel6_IRQHandler
                0x000000000800142c                DMA2_Stream5_IRQHandler
                0x000000000800142c                HRTIM1_FLT_IRQHandler
                0x000000000800142c                JPEG_IRQHandler
                0x000000000800142c                DMA1_Stream5_IRQHandler
                0x000000000800142c                BDMA_Channel1_IRQHandler
                0x000000000800142c                HRTIM1_TIMD_IRQHandler
                0x000000000800142c                TAMP_STAMP_IRQHandler
                0x000000000800142c                EXTI3_IRQHandler
                0x000000000800142c                LPTIM4_IRQHandler
                0x000000000800142c                TIM8_TRG_COM_TIM14_IRQHandler
                0x000000000800142c                LPTIM2_IRQHandler
                0x000000000800142c                DFSDM1_FLT1_IRQHandler
                0x000000000800142c                DMAMUX2_OVR_IRQHandler
                0x000000000800142c                TIM8_UP_TIM13_IRQHandler
                0x000000000800142c                I2C3_ER_IRQHandler
                0x000000000800142c                DFSDM1_FLT2_IRQHandler
                0x000000000800142c                MDMA_IRQHandler
                0x000000000800142c                LPTIM3_IRQHandler
                0x000000000800142c                HSEM1_IRQHandler
                0x000000000800142c                EXTI0_IRQHandler
                0x000000000800142c                I2C2_EV_IRQHandler
                0x000000000800142c                DMA1_Stream2_IRQHandler
                0x000000000800142c                FPU_IRQHandler
                0x000000000800142c                OTG_HS_WKUP_IRQHandler
                0x000000000800142c                FDCAN1_IT1_IRQHandler
                0x000000000800142c                LTDC_ER_IRQHandler
                0x000000000800142c                DMA2_Stream2_IRQHandler
                0x000000000800142c                HRTIM1_TIME_IRQHandler
                0x000000000800142c                SPI1_IRQHandler
                0x000000000800142c                DCMI_IRQHandler
                0x000000000800142c                HRTIM1_TIMC_IRQHandler
                0x000000000800142c                DMA2_Stream3_IRQHandler
                0x000000000800142c                SAI2_IRQHandler
                0x000000000800142c                DFSDM1_FLT3_IRQHandler
                0x000000000800142c                USART6_IRQHandler
                0x000000000800142c                TIM17_IRQHandler
                0x000000000800142c                USART3_IRQHandler
                0x000000000800142c                BDMA_Channel7_IRQHandler
                0x000000000800142c                LPTIM5_IRQHandler
                0x000000000800142c                UART5_IRQHandler
                0x000000000800142c                ADC3_IRQHandler
                0x000000000800142c                DMA2_Stream0_IRQHandler
                0x000000000800142c                TIM4_IRQHandler
                0x000000000800142c                BDMA_Channel2_IRQHandler
                0x000000000800142c                QUADSPI_IRQHandler
                0x000000000800142c                I2C1_EV_IRQHandler
                0x000000000800142c                DMA1_Stream6_IRQHandler
                0x000000000800142c                DMAMUX1_OVR_IRQHandler
                0x000000000800142c                DMA1_Stream1_IRQHandler
                0x000000000800142c                TIM16_IRQHandler
                0x000000000800142c                UART4_IRQHandler
                0x000000000800142c                BDMA_Channel5_IRQHandler
                0x000000000800142c                TIM3_IRQHandler
                0x000000000800142c                RCC_IRQHandler
                0x000000000800142c                TIM8_BRK_TIM12_IRQHandler
                0x000000000800142c                TIM1_TRG_COM_IRQHandler
                0x000000000800142c                Default_Handler
                0x000000000800142c                ECC_IRQHandler
                0x000000000800142c                CEC_IRQHandler
                0x000000000800142c                EXTI15_10_IRQHandler
                0x000000000800142c                BDMA_Channel0_IRQHandler
                0x000000000800142c                ADC_IRQHandler
                0x000000000800142c                DMA1_Stream7_IRQHandler
                0x000000000800142c                HRTIM1_TIMA_IRQHandler
                0x000000000800142c                SPI5_IRQHandler
                0x000000000800142c                SDMMC1_IRQHandler
                0x000000000800142c                TIM5_IRQHandler
                0x000000000800142c                DMA2_Stream7_IRQHandler
                0x000000000800142c                TIM15_IRQHandler
                0x000000000800142c                PVD_AVD_IRQHandler
                0x000000000800142c                I2C3_EV_IRQHandler
                0x000000000800142c                EXTI9_5_IRQHandler
                0x000000000800142c                RTC_WKUP_IRQHandler
                0x000000000800142c                LTDC_IRQHandler
                0x000000000800142c                SAI3_IRQHandler
                0x000000000800142c                ETH_WKUP_IRQHandler
                0x000000000800142c                SPDIF_RX_IRQHandler
                0x000000000800142c                SPI2_IRQHandler
                0x000000000800142c                OTG_HS_EP1_IN_IRQHandler
                0x000000000800142c                DMA1_Stream0_IRQHandler
                0x000000000800142c                CRS_IRQHandler
                0x000000000800142c                CM7_SEV_IRQHandler
                0x000000000800142c                EXTI4_IRQHandler
                0x000000000800142c                RNG_IRQHandler
                0x000000000800142c                CM4_SEV_IRQHandler
                0x000000000800142c                HRTIM1_TIMB_IRQHandler
                0x000000000800142c                FDCAN2_IT1_IRQHandler
                0x000000000800142c                ETH_IRQHandler
                0x000000000800142c                TIM1_UP_IRQHandler
                0x000000000800142c                WWDG_RST_IRQHandler
                0x000000000800142c                BDMA_Channel4_IRQHandler
                0x000000000800142c                OTG_HS_EP1_OUT_IRQHandler
                0x000000000800142c                WWDG_IRQHandler
                0x000000000800142c                SPI6_IRQHandler
                0x000000000800142c                MDIOS_IRQHandler
                0x000000000800142c                I2C4_EV_IRQHandler
                0x000000000800142c                FDCAN2_IT0_IRQHandler
                0x000000000800142c                LPUART1_IRQHandler
                0x000000000800142c                FDCAN1_IT0_IRQHandler
                0x000000000800142c                TIM2_IRQHandler
                0x000000000800142c                OTG_FS_WKUP_IRQHandler
                0x000000000800142c                OTG_HS_IRQHandler
                0x000000000800142c                HSEM2_IRQHandler
                0x000000000800142c                DMA2D_IRQHandler
                0x000000000800142c                TIM1_BRK_IRQHandler
                0x000000000800142c                EXTI1_IRQHandler
                0x000000000800142c                SDMMC2_IRQHandler
                0x000000000800142c                OTG_FS_EP1_OUT_IRQHandler
                0x000000000800142c                BDMA_Channel3_IRQHandler
                0x000000000800142c                HOLD_CORE_IRQHandler
                0x000000000800142c                UART7_IRQHandler
                0x000000000800142c                MDIOS_WKUP_IRQHandler
                0x000000000800142c                USART2_IRQHandler
                0x000000000800142c                DFSDM1_FLT0_IRQHandler
                0x000000000800142c                SAI4_IRQHandler
                0x000000000800142c                I2C2_ER_IRQHandler
                0x000000000800142c                DMA2_Stream1_IRQHandler
                0x000000000800142c                FLASH_IRQHandler
                0x000000000800142c                DMA2_Stream4_IRQHandler
                0x000000000800142c                USART1_IRQHandler
                0x000000000800142c                OTG_FS_IRQHandler
                0x000000000800142c                SPI3_IRQHandler
                0x000000000800142c                WAKEUP_PIN_IRQHandler
                0x000000000800142c                DMA1_Stream4_IRQHandler
                0x000000000800142c                OTG_FS_EP1_IN_IRQHandler
                0x000000000800142c                I2C1_ER_IRQHandler
                0x000000000800142c                FMC_IRQHandler
                0x000000000800142c                FDCAN_CAL_IRQHandler
                0x000000000800142c                SWPMI1_IRQHandler
                0x000000000800142c                COMP1_IRQHandler
                0x000000000800142c                LPTIM1_IRQHandler
                0x000000000800142c                I2C4_ER_IRQHandler
                0x000000000800142c                DMA2_Stream6_IRQHandler
                0x000000000800142c                SAI1_IRQHandler
                0x000000000800142c                DMA1_Stream3_IRQHandler
 *fill*         0x000000000800142e        0x2 
 .text.HAL_Init
                0x0000000008001430       0x78 ./Drivers/STM32H7xx_HAL_Driver/stm32h7xx_hal.o
                0x0000000008001430                HAL_Init
 .text.HAL_IncTick
                0x00000000080014a8       0x28 ./Drivers/STM32H7xx_HAL_Driver/stm32h7xx_hal.o
                0x00000000080014a8                HAL_IncTick
 .text.HAL_GetTick
                0x00000000080014d0       0x18 ./Drivers/STM32H7xx_HAL_Driver/stm32h7xx_hal.o
                0x00000000080014d0                HAL_GetTick
 .text.HAL_GetREVID
                0x00000000080014e8       0x18 ./Drivers/STM32H7xx_HAL_Driver/stm32h7xx_hal.o
                0x00000000080014e8                HAL_GetREVID
 .text.__NVIC_SetPriorityGrouping
                0x0000000008001500       0x48 ./Drivers/STM32H7xx_HAL_Driver/stm32h7xx_hal_cortex.o
 .text.__NVIC_GetPriorityGrouping
                0x0000000008001548       0x1c ./Drivers/STM32H7xx_HAL_Driver/stm32h7xx_hal_cortex.o
 .text.__NVIC_EnableIRQ
                0x0000000008001564       0x3c ./Drivers/STM32H7xx_HAL_Driver/stm32h7xx_hal_cortex.o
 .text.__NVIC_SetPriority
                0x00000000080015a0       0x54 ./Drivers/STM32H7xx_HAL_Driver/stm32h7xx_hal_cortex.o
 .text.NVIC_EncodePriority
                0x00000000080015f4       0x66 ./Drivers/STM32H7xx_HAL_Driver/stm32h7xx_hal_cortex.o
 .text.HAL_NVIC_SetPriorityGrouping
                0x000000000800165a       0x16 ./Drivers/STM32H7xx_HAL_Driver/stm32h7xx_hal_cortex.o
                0x000000000800165a                HAL_NVIC_SetPriorityGrouping
 .text.HAL_NVIC_SetPriority
                0x0000000008001670       0x34 ./Drivers/STM32H7xx_HAL_Driver/stm32h7xx_hal_cortex.o
                0x0000000008001670                HAL_NVIC_SetPriority
 .text.HAL_NVIC_EnableIRQ
                0x00000000080016a4       0x1c ./Drivers/STM32H7xx_HAL_Driver/stm32h7xx_hal_cortex.o
                0x00000000080016a4                HAL_NVIC_EnableIRQ
 .text.HAL_PWREx_ConfigSupply
                0x00000000080016c0       0xb4 ./Drivers/STM32H7xx_HAL_Driver/stm32h7xx_hal_pwr_ex.o
                0x00000000080016c0                HAL_PWREx_ConfigSupply
 .text.HAL_RCC_OscConfig
                0x0000000008001774      0x85c ./Drivers/STM32H7xx_HAL_Driver/stm32h7xx_hal_rcc.o
                0x0000000008001774                HAL_RCC_OscConfig
 .text.HAL_RCC_ClockConfig
                0x0000000008001fd0      0x36c ./Drivers/STM32H7xx_HAL_Driver/stm32h7xx_hal_rcc.o
                0x0000000008001fd0                HAL_RCC_ClockConfig
 .text.HAL_RCC_GetSysClockFreq
                0x000000000800233c      0x2f4 ./Drivers/STM32H7xx_HAL_Driver/stm32h7xx_hal_rcc.o
                0x000000000800233c                HAL_RCC_GetSysClockFreq
 .text.HAL_RCC_GetHCLKFreq
                0x0000000008002630       0x60 ./Drivers/STM32H7xx_HAL_Driver/stm32h7xx_hal_rcc.o
                0x0000000008002630                HAL_RCC_GetHCLKFreq
 .text.HAL_RCC_GetPCLK1Freq
                0x0000000008002690       0x2c ./Drivers/STM32H7xx_HAL_Driver/stm32h7xx_hal_rcc.o
                0x0000000008002690                HAL_RCC_GetPCLK1Freq
 .text.HAL_RCC_GetClockConfig
                0x00000000080026bc       0x84 ./Drivers/STM32H7xx_HAL_Driver/stm32h7xx_hal_rcc.o
                0x00000000080026bc                HAL_RCC_GetClockConfig
 .text.HAL_TIM_Base_Init
                0x0000000008002740       0xae ./Drivers/STM32H7xx_HAL_Driver/stm32h7xx_hal_tim.o
                0x0000000008002740                HAL_TIM_Base_Init
 *fill*         0x00000000080027ee        0x2 
 .text.HAL_TIM_Base_Start_IT
                0x00000000080027f0       0xf0 ./Drivers/STM32H7xx_HAL_Driver/stm32h7xx_hal_tim.o
                0x00000000080027f0                HAL_TIM_Base_Start_IT
 .text.HAL_TIM_IRQHandler
                0x00000000080028e0      0x23e ./Drivers/STM32H7xx_HAL_Driver/stm32h7xx_hal_tim.o
                0x00000000080028e0                HAL_TIM_IRQHandler
 .text.HAL_TIM_OC_DelayElapsedCallback
                0x0000000008002b1e       0x14 ./Drivers/STM32H7xx_HAL_Driver/stm32h7xx_hal_tim.o
                0x0000000008002b1e                HAL_TIM_OC_DelayElapsedCallback
 .text.HAL_TIM_IC_CaptureCallback
                0x0000000008002b32       0x14 ./Drivers/STM32H7xx_HAL_Driver/stm32h7xx_hal_tim.o
                0x0000000008002b32                HAL_TIM_IC_CaptureCallback
 .text.HAL_TIM_PWM_PulseFinishedCallback
                0x0000000008002b46       0x14 ./Drivers/STM32H7xx_HAL_Driver/stm32h7xx_hal_tim.o
                0x0000000008002b46                HAL_TIM_PWM_PulseFinishedCallback
 .text.HAL_TIM_TriggerCallback
                0x0000000008002b5a       0x14 ./Drivers/STM32H7xx_HAL_Driver/stm32h7xx_hal_tim.o
                0x0000000008002b5a                HAL_TIM_TriggerCallback
 *fill*         0x0000000008002b6e        0x2 
 .text.TIM_Base_SetConfig
                0x0000000008002b70      0x134 ./Drivers/STM32H7xx_HAL_Driver/stm32h7xx_hal_tim.o
                0x0000000008002b70                TIM_Base_SetConfig
 .text.HAL_TIMEx_MasterConfigSynchronization
                0x0000000008002ca4      0x11c ./Drivers/STM32H7xx_HAL_Driver/stm32h7xx_hal_tim_ex.o
                0x0000000008002ca4                HAL_TIMEx_MasterConfigSynchronization
 .text.HAL_TIMEx_CommutCallback
                0x0000000008002dc0       0x14 ./Drivers/STM32H7xx_HAL_Driver/stm32h7xx_hal_tim_ex.o
                0x0000000008002dc0                HAL_TIMEx_CommutCallback
 .text.HAL_TIMEx_BreakCallback
                0x0000000008002dd4       0x14 ./Drivers/STM32H7xx_HAL_Driver/stm32h7xx_hal_tim_ex.o
                0x0000000008002dd4                HAL_TIMEx_BreakCallback
 .text.HAL_TIMEx_Break2Callback
                0x0000000008002de8       0x14 ./Drivers/STM32H7xx_HAL_Driver/stm32h7xx_hal_tim_ex.o
                0x0000000008002de8                HAL_TIMEx_Break2Callback
 .text.__NVIC_SetPriority
                0x0000000008002dfc       0x54 ./Middlewares/Third_Party/FreeRTOS/cmsis_os2.o
 .text.SysTick_Handler
                0x0000000008002e50       0x20 ./Middlewares/Third_Party/FreeRTOS/cmsis_os2.o
                0x0000000008002e50                SysTick_Handler
 .text.SVC_Setup
                0x0000000008002e70       0x12 ./Middlewares/Third_Party/FreeRTOS/cmsis_os2.o
 *fill*         0x0000000008002e82        0x2 
 .text.osKernelInitialize
                0x0000000008002e84       0x48 ./Middlewares/Third_Party/FreeRTOS/cmsis_os2.o
                0x0000000008002e84                osKernelInitialize
 .text.osKernelStart
                0x0000000008002ecc       0x4c ./Middlewares/Third_Party/FreeRTOS/cmsis_os2.o
                0x0000000008002ecc                osKernelStart
 .text.osThreadNew
                0x0000000008002f18      0x124 ./Middlewares/Third_Party/FreeRTOS/cmsis_os2.o
                0x0000000008002f18                osThreadNew
 .text.osDelay  0x000000000800303c       0x36 ./Middlewares/Third_Party/FreeRTOS/cmsis_os2.o
                0x000000000800303c                osDelay
 *fill*         0x0000000008003072        0x2 
 .text.vApplicationGetIdleTaskMemory
                0x0000000008003074       0x34 ./Middlewares/Third_Party/FreeRTOS/cmsis_os2.o
                0x0000000008003074                vApplicationGetIdleTaskMemory
 .text.vApplicationGetTimerTaskMemory
                0x00000000080030a8       0x34 ./Middlewares/Third_Party/FreeRTOS/cmsis_os2.o
                0x00000000080030a8                vApplicationGetTimerTaskMemory
 .text.pvPortMalloc
                0x00000000080030dc      0x198 ./Middlewares/Third_Party/FreeRTOS/heap_4.o
                0x00000000080030dc                pvPortMalloc
 .text.vPortFree
                0x0000000008003274       0xc4 ./Middlewares/Third_Party/FreeRTOS/heap_4.o
                0x0000000008003274                vPortFree
 .text.prvHeapInit
                0x0000000008003338       0xc4 ./Middlewares/Third_Party/FreeRTOS/heap_4.o
 .text.prvInsertBlockIntoFreeList
                0x00000000080033fc       0xb4 ./Middlewares/Third_Party/FreeRTOS/heap_4.o
 .text.vListInitialise
                0x00000000080034b0       0x40 ./Middlewares/Third_Party/FreeRTOS/list.o
                0x00000000080034b0                vListInitialise
 .text.vListInitialiseItem
                0x00000000080034f0       0x1a ./Middlewares/Third_Party/FreeRTOS/list.o
                0x00000000080034f0                vListInitialiseItem
 .text.vListInsertEnd
                0x000000000800350a       0x48 ./Middlewares/Third_Party/FreeRTOS/list.o
                0x000000000800350a                vListInsertEnd
 .text.vListInsert
                0x0000000008003552       0x72 ./Middlewares/Third_Party/FreeRTOS/list.o
                0x0000000008003552                vListInsert
 .text.uxListRemove
                0x00000000080035c4       0x54 ./Middlewares/Third_Party/FreeRTOS/list.o
                0x00000000080035c4                uxListRemove
 .text.pxPortInitialiseStack
                0x0000000008003618       0x68 ./Middlewares/Third_Party/FreeRTOS/port.o
                0x0000000008003618                pxPortInitialiseStack
 .text.prvTaskExitError
                0x0000000008003680       0x58 ./Middlewares/Third_Party/FreeRTOS/port.o
 *fill*         0x00000000080036d8        0x8 
 .text.SVC_Handler
                0x00000000080036e0       0x28 ./Middlewares/Third_Party/FreeRTOS/port.o
                0x00000000080036e0                SVC_Handler
 .text.prvPortStartFirstTask
                0x0000000008003708       0x28 ./Middlewares/Third_Party/FreeRTOS/port.o
 .text.xPortStartScheduler
                0x0000000008003730      0x144 ./Middlewares/Third_Party/FreeRTOS/port.o
                0x0000000008003730                xPortStartScheduler
 .text.vPortEnterCritical
                0x0000000008003874       0x60 ./Middlewares/Third_Party/FreeRTOS/port.o
                0x0000000008003874                vPortEnterCritical
 .text.vPortExitCritical
                0x00000000080038d4       0x54 ./Middlewares/Third_Party/FreeRTOS/port.o
                0x00000000080038d4                vPortExitCritical
 *fill*         0x0000000008003928        0x8 
 .text.PendSV_Handler
                0x0000000008003930       0x68 ./Middlewares/Third_Party/FreeRTOS/port.o
                0x0000000008003930                PendSV_Handler
 .text.xPortSysTickHandler
                0x0000000008003998       0x44 ./Middlewares/Third_Party/FreeRTOS/port.o
                0x0000000008003998                xPortSysTickHandler
 .text.vPortSetupTimerInterrupt
                0x00000000080039dc       0x48 ./Middlewares/Third_Party/FreeRTOS/port.o
                0x00000000080039dc                vPortSetupTimerInterrupt
 .text.vPortEnableVFP
                0x0000000008003a24       0x14 ./Middlewares/Third_Party/FreeRTOS/port.o
 .text.vPortValidateInterruptPriority
                0x0000000008003a38       0x80 ./Middlewares/Third_Party/FreeRTOS/port.o
                0x0000000008003a38                vPortValidateInterruptPriority
 .text.xQueueGenericReset
                0x0000000008003ab8       0xd0 ./Middlewares/Third_Party/FreeRTOS/queue.o
                0x0000000008003ab8                xQueueGenericReset
 .text.xQueueGenericCreateStatic
                0x0000000008003b88       0xf0 ./Middlewares/Third_Party/FreeRTOS/queue.o
                0x0000000008003b88                xQueueGenericCreateStatic
 .text.prvInitialiseNewQueue
                0x0000000008003c78       0x46 ./Middlewares/Third_Party/FreeRTOS/queue.o
 *fill*         0x0000000008003cbe        0x2 
 .text.xQueueGenericSend
                0x0000000008003cc0      0x1fc ./Middlewares/Third_Party/FreeRTOS/queue.o
                0x0000000008003cc0                xQueueGenericSend
 .text.xQueueGenericSendFromISR
                0x0000000008003ebc      0x136 ./Middlewares/Third_Party/FreeRTOS/queue.o
                0x0000000008003ebc                xQueueGenericSendFromISR
 *fill*         0x0000000008003ff2        0x2 
 .text.xQueueReceive
                0x0000000008003ff4      0x1c0 ./Middlewares/Third_Party/FreeRTOS/queue.o
                0x0000000008003ff4                xQueueReceive
 .text.prvCopyDataToQueue
                0x00000000080041b4       0xd4 ./Middlewares/Third_Party/FreeRTOS/queue.o
 .text.prvCopyDataFromQueue
                0x0000000008004288       0x4c ./Middlewares/Third_Party/FreeRTOS/queue.o
 .text.prvUnlockQueue
                0x00000000080042d4       0xa4 ./Middlewares/Third_Party/FreeRTOS/queue.o
 .text.prvIsQueueEmpty
                0x0000000008004378       0x2c ./Middlewares/Third_Party/FreeRTOS/queue.o
 .text.prvIsQueueFull
                0x00000000080043a4       0x30 ./Middlewares/Third_Party/FreeRTOS/queue.o
 .text.vQueueAddToRegistry
                0x00000000080043d4       0x54 ./Middlewares/Third_Party/FreeRTOS/queue.o
                0x00000000080043d4                vQueueAddToRegistry
 .text.vQueueWaitForMessageRestricted
                0x0000000008004428       0x68 ./Middlewares/Third_Party/FreeRTOS/queue.o
                0x0000000008004428                vQueueWaitForMessageRestricted
 .text.xTaskCreateStatic
                0x0000000008004490       0xba ./Middlewares/Third_Party/FreeRTOS/tasks.o
                0x0000000008004490                xTaskCreateStatic
 .text.xTaskCreate
                0x000000000800454a       0x8a ./Middlewares/Third_Party/FreeRTOS/tasks.o
                0x000000000800454a                xTaskCreate
 .text.prvInitialiseNewTask
                0x00000000080045d4      0x14c ./Middlewares/Third_Party/FreeRTOS/tasks.o
 .text.prvAddNewTaskToReadyList
                0x0000000008004720       0xe0 ./Middlewares/Third_Party/FreeRTOS/tasks.o
 .text.vTaskDelay
                0x0000000008004800       0x68 ./Middlewares/Third_Party/FreeRTOS/tasks.o
                0x0000000008004800                vTaskDelay
 .text.vTaskStartScheduler
                0x0000000008004868       0xe0 ./Middlewares/Third_Party/FreeRTOS/tasks.o
                0x0000000008004868                vTaskStartScheduler
 .text.vTaskSuspendAll
                0x0000000008004948       0x1c ./Middlewares/Third_Party/FreeRTOS/tasks.o
                0x0000000008004948                vTaskSuspendAll
 .text.xTaskResumeAll
                0x0000000008004964      0x13c ./Middlewares/Third_Party/FreeRTOS/tasks.o
                0x0000000008004964                xTaskResumeAll
 .text.xTaskGetTickCount
                0x0000000008004aa0       0x20 ./Middlewares/Third_Party/FreeRTOS/tasks.o
                0x0000000008004aa0                xTaskGetTickCount
 .text.xTaskIncrementTick
                0x0000000008004ac0      0x174 ./Middlewares/Third_Party/FreeRTOS/tasks.o
                0x0000000008004ac0                xTaskIncrementTick
 .text.vTaskSwitchContext
                0x0000000008004c34       0xc8 ./Middlewares/Third_Party/FreeRTOS/tasks.o
                0x0000000008004c34                vTaskSwitchContext
 .text.vTaskPlaceOnEventList
                0x0000000008004cfc       0x48 ./Middlewares/Third_Party/FreeRTOS/tasks.o
                0x0000000008004cfc                vTaskPlaceOnEventList
 .text.vTaskPlaceOnEventListRestricted
                0x0000000008004d44       0x58 ./Middlewares/Third_Party/FreeRTOS/tasks.o
                0x0000000008004d44                vTaskPlaceOnEventListRestricted
 .text.xTaskRemoveFromEventList
                0x0000000008004d9c       0xc8 ./Middlewares/Third_Party/FreeRTOS/tasks.o
                0x0000000008004d9c                xTaskRemoveFromEventList
 .text.vTaskInternalSetTimeOutState
                0x0000000008004e64       0x2c ./Middlewares/Third_Party/FreeRTOS/tasks.o
                0x0000000008004e64                vTaskInternalSetTimeOutState
 .text.xTaskCheckForTimeOut
                0x0000000008004e90       0xc4 ./Middlewares/Third_Party/FreeRTOS/tasks.o
                0x0000000008004e90                xTaskCheckForTimeOut
 .text.vTaskMissedYield
                0x0000000008004f54       0x18 ./Middlewares/Third_Party/FreeRTOS/tasks.o
                0x0000000008004f54                vTaskMissedYield
 .text.prvIdleTask
                0x0000000008004f6c       0x30 ./Middlewares/Third_Party/FreeRTOS/tasks.o
 .text.prvInitialiseTaskLists
                0x0000000008004f9c       0x80 ./Middlewares/Third_Party/FreeRTOS/tasks.o
 .text.prvCheckTasksWaitingTermination
                0x000000000800501c       0x5c ./Middlewares/Third_Party/FreeRTOS/tasks.o
 .text.prvDeleteTCB
                0x0000000008005078       0x68 ./Middlewares/Third_Party/FreeRTOS/tasks.o
 .text.prvResetNextTaskUnblockTime
                0x00000000080050e0       0x40 ./Middlewares/Third_Party/FreeRTOS/tasks.o
 .text.xTaskGetSchedulerState
                0x0000000008005120       0x3c ./Middlewares/Third_Party/FreeRTOS/tasks.o
                0x0000000008005120                xTaskGetSchedulerState
 .text.xTaskPriorityDisinherit
                0x000000000800515c       0xdc ./Middlewares/Third_Party/FreeRTOS/tasks.o
                0x000000000800515c                xTaskPriorityDisinherit
 .text.prvAddCurrentTaskToDelayedList
                0x0000000008005238       0xa8 ./Middlewares/Third_Party/FreeRTOS/tasks.o
 .text.xTimerCreateTimerTask
                0x00000000080052e0       0x90 ./Middlewares/Third_Party/FreeRTOS/timers.o
                0x00000000080052e0                xTimerCreateTimerTask
 .text.xTimerGenericCommand
                0x0000000008005370       0x9c ./Middlewares/Third_Party/FreeRTOS/timers.o
                0x0000000008005370                xTimerGenericCommand
 .text.prvProcessExpiredTimer
                0x000000000800540c       0x98 ./Middlewares/Third_Party/FreeRTOS/timers.o
 .text.prvTimerTask
                0x00000000080054a4       0x24 ./Middlewares/Third_Party/FreeRTOS/timers.o
 .text.prvProcessTimerOrBlockTask
                0x00000000080054c8       0x9c ./Middlewares/Third_Party/FreeRTOS/timers.o
 .text.prvGetNextExpireTime
                0x0000000008005564       0x48 ./Middlewares/Third_Party/FreeRTOS/timers.o
 .text.prvSampleTimeNow
                0x00000000080055ac       0x40 ./Middlewares/Third_Party/FreeRTOS/timers.o
 .text.prvInsertTimerInActiveList
                0x00000000080055ec       0x84 ./Middlewares/Third_Party/FreeRTOS/timers.o
 .text.prvProcessReceivedCommands
                0x0000000008005670      0x1c4 ./Middlewares/Third_Party/FreeRTOS/timers.o
 .text.prvSwitchTimerLists
                0x0000000008005834       0xc8 ./Middlewares/Third_Party/FreeRTOS/timers.o
 .text.prvCheckForValidListAndQueue
                0x00000000080058fc       0x80 ./Middlewares/Third_Party/FreeRTOS/timers.o
 .text.__libc_init_array
                0x000000000800597c       0x48 c:/st/stm32cubeide_1.9.0/stm32cubeide/plugins/com.st.stm32cube.ide.mcu.externaltools.gnu-tools-for-stm32.10.3-2021.10.win32_1.0.0.202111181127/tools/bin/../lib/gcc/arm-none-eabi/10.3.1/../../../../arm-none-eabi/lib/thumb/v7e-m+dp/hard\libc_nano.a(lib_a-init.o)
                0x000000000800597c                __libc_init_array
 .text.__retarget_lock_acquire_recursive
                0x00000000080059c4        0x2 c:/st/stm32cubeide_1.9.0/stm32cubeide/plugins/com.st.stm32cube.ide.mcu.externaltools.gnu-tools-for-stm32.10.3-2021.10.win32_1.0.0.202111181127/tools/bin/../lib/gcc/arm-none-eabi/10.3.1/../../../../arm-none-eabi/lib/thumb/v7e-m+dp/hard\libc_nano.a(lib_a-lock.o)
                0x00000000080059c4                __retarget_lock_acquire_recursive
 .text.__retarget_lock_release_recursive
                0x00000000080059c6        0x2 c:/st/stm32cubeide_1.9.0/stm32cubeide/plugins/com.st.stm32cube.ide.mcu.externaltools.gnu-tools-for-stm32.10.3-2021.10.win32_1.0.0.202111181127/tools/bin/../lib/gcc/arm-none-eabi/10.3.1/../../../../arm-none-eabi/lib/thumb/v7e-m+dp/hard\libc_nano.a(lib_a-lock.o)
                0x00000000080059c6                __retarget_lock_release_recursive
 .text.memcpy   0x00000000080059c8       0x1c c:/st/stm32cubeide_1.9.0/stm32cubeide/plugins/com.st.stm32cube.ide.mcu.externaltools.gnu-tools-for-stm32.10.3-2021.10.win32_1.0.0.202111181127/tools/bin/../lib/gcc/arm-none-eabi/10.3.1/../../../../arm-none-eabi/lib/thumb/v7e-m+dp/hard\libc_nano.a(lib_a-memcpy-stub.o)
                0x00000000080059c8                memcpy
 .text.memset   0x00000000080059e4       0x10 c:/st/stm32cubeide_1.9.0/stm32cubeide/plugins/com.st.stm32cube.ide.mcu.externaltools.gnu-tools-for-stm32.10.3-2021.10.win32_1.0.0.202111181127/tools/bin/../lib/gcc/arm-none-eabi/10.3.1/../../../../arm-none-eabi/lib/thumb/v7e-m+dp/hard\libc_nano.a(lib_a-memset.o)
                0x00000000080059e4                memset
 .text.cleanup_glue
                0x00000000080059f4       0x1a c:/st/stm32cubeide_1.9.0/stm32cubeide/plugins/com.st.stm32cube.ide.mcu.externaltools.gnu-tools-for-stm32.10.3-2021.10.win32_1.0.0.202111181127/tools/bin/../lib/gcc/arm-none-eabi/10.3.1/../../../../arm-none-eabi/lib/thumb/v7e-m+dp/hard\libc_nano.a(lib_a-reent.o)
                0x00000000080059f4                cleanup_glue
 *fill*         0x0000000008005a0e        0x2 
 .text._reclaim_reent
                0x0000000008005a10       0xb8 c:/st/stm32cubeide_1.9.0/stm32cubeide/plugins/com.st.stm32cube.ide.mcu.externaltools.gnu-tools-for-stm32.10.3-2021.10.win32_1.0.0.202111181127/tools/bin/../lib/gcc/arm-none-eabi/10.3.1/../../../../arm-none-eabi/lib/thumb/v7e-m+dp/hard\libc_nano.a(lib_a-reent.o)
                0x0000000008005a10                _reclaim_reent
 .text.__malloc_lock
                0x0000000008005ac8        0xc c:/st/stm32cubeide_1.9.0/stm32cubeide/plugins/com.st.stm32cube.ide.mcu.externaltools.gnu-tools-for-stm32.10.3-2021.10.win32_1.0.0.202111181127/tools/bin/../lib/gcc/arm-none-eabi/10.3.1/../../../../arm-none-eabi/lib/thumb/v7e-m+dp/hard\libc_nano.a(lib_a-mlock.o)
                0x0000000008005ac8                __malloc_lock
 .text.__malloc_unlock
                0x0000000008005ad4        0xc c:/st/stm32cubeide_1.9.0/stm32cubeide/plugins/com.st.stm32cube.ide.mcu.externaltools.gnu-tools-for-stm32.10.3-2021.10.win32_1.0.0.202111181127/tools/bin/../lib/gcc/arm-none-eabi/10.3.1/../../../../arm-none-eabi/lib/thumb/v7e-m+dp/hard\libc_nano.a(lib_a-mlock.o)
                0x0000000008005ad4                __malloc_unlock
 .text._free_r  0x0000000008005ae0       0x98 c:/st/stm32cubeide_1.9.0/stm32cubeide/plugins/com.st.stm32cube.ide.mcu.externaltools.gnu-tools-for-stm32.10.3-2021.10.win32_1.0.0.202111181127/tools/bin/../lib/gcc/arm-none-eabi/10.3.1/../../../../arm-none-eabi/lib/thumb/v7e-m+dp/hard\libc_nano.a(lib_a-nano-freer.o)
                0x0000000008005ae0                _free_r
 .text.sin      0x0000000008005b78       0x98 c:/st/stm32cubeide_1.9.0/stm32cubeide/plugins/com.st.stm32cube.ide.mcu.externaltools.gnu-tools-for-stm32.10.3-2021.10.win32_1.0.0.202111181127/tools/bin/../lib/gcc/arm-none-eabi/10.3.1/../../../../arm-none-eabi/lib/thumb/v7e-m+dp/hard\libm.a(lib_a-s_sin.o)
                0x0000000008005b78                sin
 .text.__ieee754_rem_pio2
                0x0000000008005c10      0x288 c:/st/stm32cubeide_1.9.0/stm32cubeide/plugins/com.st.stm32cube.ide.mcu.externaltools.gnu-tools-for-stm32.10.3-2021.10.win32_1.0.0.202111181127/tools/bin/../lib/gcc/arm-none-eabi/10.3.1/../../../../arm-none-eabi/lib/thumb/v7e-m+dp/hard\libm.a(lib_a-e_rem_pio2.o)
                0x0000000008005c10                __ieee754_rem_pio2
 .text.__kernel_cos
                0x0000000008005e98       0xd8 c:/st/stm32cubeide_1.9.0/stm32cubeide/plugins/com.st.stm32cube.ide.mcu.externaltools.gnu-tools-for-stm32.10.3-2021.10.win32_1.0.0.202111181127/tools/bin/../lib/gcc/arm-none-eabi/10.3.1/../../../../arm-none-eabi/lib/thumb/v7e-m+dp/hard\libm.a(lib_a-k_cos.o)
                0x0000000008005e98                __kernel_cos
 .text.__kernel_rem_pio2
                0x0000000008005f70      0x530 c:/st/stm32cubeide_1.9.0/stm32cubeide/plugins/com.st.stm32cube.ide.mcu.externaltools.gnu-tools-for-stm32.10.3-2021.10.win32_1.0.0.202111181127/tools/bin/../lib/gcc/arm-none-eabi/10.3.1/../../../../arm-none-eabi/lib/thumb/v7e-m+dp/hard\libm.a(lib_a-k_rem_pio2.o)
                0x0000000008005f70                __kernel_rem_pio2
 .text.__kernel_sin
                0x00000000080064a0       0xb0 c:/st/stm32cubeide_1.9.0/stm32cubeide/plugins/com.st.stm32cube.ide.mcu.externaltools.gnu-tools-for-stm32.10.3-2021.10.win32_1.0.0.202111181127/tools/bin/../lib/gcc/arm-none-eabi/10.3.1/../../../../arm-none-eabi/lib/thumb/v7e-m+dp/hard\libm.a(lib_a-k_sin.o)
                0x00000000080064a0                __kernel_sin
 .text.fabs     0x0000000008006550       0x12 c:/st/stm32cubeide_1.9.0/stm32cubeide/plugins/com.st.stm32cube.ide.mcu.externaltools.gnu-tools-for-stm32.10.3-2021.10.win32_1.0.0.202111181127/tools/bin/../lib/gcc/arm-none-eabi/10.3.1/../../../../arm-none-eabi/lib/thumb/v7e-m+dp/hard\libm.a(lib_a-s_fabs.o)
                0x0000000008006550                fabs
 *fill*         0x0000000008006562        0x6 
 .text.floor    0x0000000008006568       0xe8 c:/st/stm32cubeide_1.9.0/stm32cubeide/plugins/com.st.stm32cube.ide.mcu.externaltools.gnu-tools-for-stm32.10.3-2021.10.win32_1.0.0.202111181127/tools/bin/../lib/gcc/arm-none-eabi/10.3.1/../../../../arm-none-eabi/lib/thumb/v7e-m+dp/hard\libm.a(lib_a-s_floor.o)
                0x0000000008006568                floor
 .text.scalbn   0x0000000008006650      0x114 c:/st/stm32cubeide_1.9.0/stm32cubeide/plugins/com.st.stm32cube.ide.mcu.externaltools.gnu-tools-for-stm32.10.3-2021.10.win32_1.0.0.202111181127/tools/bin/../lib/gcc/arm-none-eabi/10.3.1/../../../../arm-none-eabi/lib/thumb/v7e-m+dp/hard\libm.a(lib_a-s_scalbn.o)
                0x0000000008006650                scalbn
 *(.glue_7)
 .glue_7        0x0000000008006764        0x0 linker stubs
 *(.glue_7t)
 .glue_7t       0x0000000008006764        0x0 linker stubs
 *(.eh_frame)
 .eh_frame      0x0000000008006764        0x0 c:/st/stm32cubeide_1.9.0/stm32cubeide/plugins/com.st.stm32cube.ide.mcu.externaltools.gnu-tools-for-stm32.10.3-2021.10.win32_1.0.0.202111181127/tools/bin/../lib/gcc/arm-none-eabi/10.3.1/thumb/v7e-m+dp/hard/crtbegin.o
 *(.init)
 .init          0x0000000008006764        0x4 c:/st/stm32cubeide_1.9.0/stm32cubeide/plugins/com.st.stm32cube.ide.mcu.externaltools.gnu-tools-for-stm32.10.3-2021.10.win32_1.0.0.202111181127/tools/bin/../lib/gcc/arm-none-eabi/10.3.1/thumb/v7e-m+dp/hard/crti.o
                0x0000000008006764                _init
 .init          0x0000000008006768        0x8 c:/st/stm32cubeide_1.9.0/stm32cubeide/plugins/com.st.stm32cube.ide.mcu.externaltools.gnu-tools-for-stm32.10.3-2021.10.win32_1.0.0.202111181127/tools/bin/../lib/gcc/arm-none-eabi/10.3.1/thumb/v7e-m+dp/hard/crtn.o
 *(.fini)
 .fini          0x0000000008006770        0x4 c:/st/stm32cubeide_1.9.0/stm32cubeide/plugins/com.st.stm32cube.ide.mcu.externaltools.gnu-tools-for-stm32.10.3-2021.10.win32_1.0.0.202111181127/tools/bin/../lib/gcc/arm-none-eabi/10.3.1/thumb/v7e-m+dp/hard/crti.o
                0x0000000008006770                _fini
 .fini          0x0000000008006774        0x8 c:/st/stm32cubeide_1.9.0/stm32cubeide/plugins/com.st.stm32cube.ide.mcu.externaltools.gnu-tools-for-stm32.10.3-2021.10.win32_1.0.0.202111181127/tools/bin/../lib/gcc/arm-none-eabi/10.3.1/thumb/v7e-m+dp/hard/crtn.o
                0x000000000800677c                . = ALIGN (0x4)
                0x000000000800677c                _etext = .

.vfp11_veneer   0x000000000800677c        0x0
 .vfp11_veneer  0x000000000800677c        0x0 linker stubs

.v4_bx          0x000000000800677c        0x0
 .v4_bx         0x000000000800677c        0x0 linker stubs

.iplt           0x000000000800677c        0x0
 .iplt          0x000000000800677c        0x0 c:/st/stm32cubeide_1.9.0/stm32cubeide/plugins/com.st.stm32cube.ide.mcu.externaltools.gnu-tools-for-stm32.10.3-2021.10.win32_1.0.0.202111181127/tools/bin/../lib/gcc/arm-none-eabi/10.3.1/thumb/v7e-m+dp/hard/crtbegin.o

.rodata         0x0000000008006780      0x2e0
                0x0000000008006780                . = ALIGN (0x4)
 *(.rodata)
 .rodata        0x0000000008006780       0x14 ./Core/Src/main.o
 .rodata        0x0000000008006794        0x5 ./Middlewares/Third_Party/FreeRTOS/tasks.o
 *fill*         0x0000000008006799        0x3 
 .rodata        0x000000000800679c        0xd ./Middlewares/Third_Party/FreeRTOS/timers.o
 *(.rodata*)
 *fill*         0x00000000080067a9        0x3 
 .rodata.D1CorePrescTable
                0x00000000080067ac       0x10 ./Common/Src/system_stm32h7xx_dualcore_boot_cm4_cm7.o
                0x00000000080067ac                D1CorePrescTable
 .rodata.Sine2_attributes
                0x00000000080067bc       0x24 ./Core/Src/main.o
                0x00000000080067bc                Sine2_attributes
 .rodata.Sine10_attributes
                0x00000000080067e0       0x24 ./Core/Src/main.o
                0x00000000080067e0                Sine10_attributes
 .rodata.Sum_attributes
                0x0000000008006804       0x24 ./Core/Src/main.o
                0x0000000008006804                Sum_attributes
 .rodata.__sf_fake_stderr
                0x0000000008006828       0x20 c:/st/stm32cubeide_1.9.0/stm32cubeide/plugins/com.st.stm32cube.ide.mcu.externaltools.gnu-tools-for-stm32.10.3-2021.10.win32_1.0.0.202111181127/tools/bin/../lib/gcc/arm-none-eabi/10.3.1/../../../../arm-none-eabi/lib/thumb/v7e-m+dp/hard\libc_nano.a(lib_a-findfp.o)
                0x0000000008006828                __sf_fake_stderr
 .rodata.__sf_fake_stdin
                0x0000000008006848       0x20 c:/st/stm32cubeide_1.9.0/stm32cubeide/plugins/com.st.stm32cube.ide.mcu.externaltools.gnu-tools-for-stm32.10.3-2021.10.win32_1.0.0.202111181127/tools/bin/../lib/gcc/arm-none-eabi/10.3.1/../../../../arm-none-eabi/lib/thumb/v7e-m+dp/hard\libc_nano.a(lib_a-findfp.o)
                0x0000000008006848                __sf_fake_stdin
 .rodata.__sf_fake_stdout
                0x0000000008006868       0x20 c:/st/stm32cubeide_1.9.0/stm32cubeide/plugins/com.st.stm32cube.ide.mcu.externaltools.gnu-tools-for-stm32.10.3-2021.10.win32_1.0.0.202111181127/tools/bin/../lib/gcc/arm-none-eabi/10.3.1/../../../../arm-none-eabi/lib/thumb/v7e-m+dp/hard\libc_nano.a(lib_a-findfp.o)
                0x0000000008006868                __sf_fake_stdout
 .rodata.npio2_hw
                0x0000000008006888       0x80 c:/st/stm32cubeide_1.9.0/stm32cubeide/plugins/com.st.stm32cube.ide.mcu.externaltools.gnu-tools-for-stm32.10.3-2021.10.win32_1.0.0.202111181127/tools/bin/../lib/gcc/arm-none-eabi/10.3.1/../../../../arm-none-eabi/lib/thumb/v7e-m+dp/hard\libm.a(lib_a-e_rem_pio2.o)
 .rodata.two_over_pi
                0x0000000008006908      0x108 c:/st/stm32cubeide_1.9.0/stm32cubeide/plugins/com.st.stm32cube.ide.mcu.externaltools.gnu-tools-for-stm32.10.3-2021.10.win32_1.0.0.202111181127/tools/bin/../lib/gcc/arm-none-eabi/10.3.1/../../../../arm-none-eabi/lib/thumb/v7e-m+dp/hard\libm.a(lib_a-e_rem_pio2.o)
 .rodata.PIo2   0x0000000008006a10       0x40 c:/st/stm32cubeide_1.9.0/stm32cubeide/plugins/com.st.stm32cube.ide.mcu.externaltools.gnu-tools-for-stm32.10.3-2021.10.win32_1.0.0.202111181127/tools/bin/../lib/gcc/arm-none-eabi/10.3.1/../../../../arm-none-eabi/lib/thumb/v7e-m+dp/hard\libm.a(lib_a-k_rem_pio2.o)
 .rodata.init_jk
                0x0000000008006a50       0x10 c:/st/stm32cubeide_1.9.0/stm32cubeide/plugins/com.st.stm32cube.ide.mcu.externaltools.gnu-tools-for-stm32.10.3-2021.10.win32_1.0.0.202111181127/tools/bin/../lib/gcc/arm-none-eabi/10.3.1/../../../../arm-none-eabi/lib/thumb/v7e-m+dp/hard\libm.a(lib_a-k_rem_pio2.o)
                0x0000000008006a60                . = ALIGN (0x4)

.rel.dyn        0x0000000008006a60        0x0
 .rel.iplt      0x0000000008006a60        0x0 c:/st/stm32cubeide_1.9.0/stm32cubeide/plugins/com.st.stm32cube.ide.mcu.externaltools.gnu-tools-for-stm32.10.3-2021.10.win32_1.0.0.202111181127/tools/bin/../lib/gcc/arm-none-eabi/10.3.1/thumb/v7e-m+dp/hard/crtbegin.o

.ARM.extab      0x0000000008006a60        0x0
                0x0000000008006a60                . = ALIGN (0x4)
 *(.ARM.extab* .gnu.linkonce.armextab.*)
                0x0000000008006a60                . = ALIGN (0x4)

.ARM            0x0000000008006a60        0x0
                0x0000000008006a60                . = ALIGN (0x4)
                0x0000000008006a60                __exidx_start = .
 *(.ARM.exidx*)
                0x0000000008006a60                __exidx_end = .
                0x0000000008006a60                . = ALIGN (0x4)

.preinit_array  0x0000000008006a60        0x0
                0x0000000008006a60                . = ALIGN (0x4)
                0x0000000008006a60                PROVIDE (__preinit_array_start = .)
 *(.preinit_array*)
                0x0000000008006a60                PROVIDE (__preinit_array_end = .)
                0x0000000008006a60                . = ALIGN (0x4)

.init_array     0x0000000008006a60        0x4
                0x0000000008006a60                . = ALIGN (0x4)
                0x0000000008006a60                PROVIDE (__init_array_start = .)
 *(SORT_BY_NAME(.init_array.*))
 *(.init_array*)
 .init_array    0x0000000008006a60        0x4 c:/st/stm32cubeide_1.9.0/stm32cubeide/plugins/com.st.stm32cube.ide.mcu.externaltools.gnu-tools-for-stm32.10.3-2021.10.win32_1.0.0.202111181127/tools/bin/../lib/gcc/arm-none-eabi/10.3.1/thumb/v7e-m+dp/hard/crtbegin.o
                0x0000000008006a64                PROVIDE (__init_array_end = .)
                0x0000000008006a64                . = ALIGN (0x4)

.fini_array     0x0000000008006a64        0x4
                0x0000000008006a64                . = ALIGN (0x4)
                [!provide]                        PROVIDE (__fini_array_start = .)
 *(SORT_BY_NAME(.fini_array.*))
 *(.fini_array*)
 .fini_array    0x0000000008006a64        0x4 c:/st/stm32cubeide_1.9.0/stm32cubeide/plugins/com.st.stm32cube.ide.mcu.externaltools.gnu-tools-for-stm32.10.3-2021.10.win32_1.0.0.202111181127/tools/bin/../lib/gcc/arm-none-eabi/10.3.1/thumb/v7e-m+dp/hard/crtbegin.o
                [!provide]                        PROVIDE (__fini_array_end = .)
                0x0000000008006a68                . = ALIGN (0x4)
                0x0000000008006a68                _sidata = LOADADDR (.data)

.data           0x0000000024000000       0x78 load address 0x0000000008006a68
                0x0000000024000000                . = ALIGN (0x4)
                0x0000000024000000                _sdata = .
 *(.data)
 *(.data*)
 .data.SystemCoreClock
                0x0000000024000000        0x4 ./Common/Src/system_stm32h7xx_dualcore_boot_cm4_cm7.o
                0x0000000024000000                SystemCoreClock
 .data.SystemD2Clock
                0x0000000024000004        0x4 ./Common/Src/system_stm32h7xx_dualcore_boot_cm4_cm7.o
                0x0000000024000004                SystemD2Clock
 .data.uwTickPrio
                0x0000000024000008        0x4 ./Drivers/STM32H7xx_HAL_Driver/stm32h7xx_hal.o
                0x0000000024000008                uwTickPrio
 .data.uwTickFreq
                0x000000002400000c        0x1 ./Drivers/STM32H7xx_HAL_Driver/stm32h7xx_hal.o
                0x000000002400000c                uwTickFreq
 *fill*         0x000000002400000d        0x3 
 .data.uxCriticalNesting
                0x0000000024000010        0x4 ./Middlewares/Third_Party/FreeRTOS/port.o
 .data._impure_ptr
                0x0000000024000014        0x4 c:/st/stm32cubeide_1.9.0/stm32cubeide/plugins/com.st.stm32cube.ide.mcu.externaltools.gnu-tools-for-stm32.10.3-2021.10.win32_1.0.0.202111181127/tools/bin/../lib/gcc/arm-none-eabi/10.3.1/../../../../arm-none-eabi/lib/thumb/v7e-m+dp/hard\libc_nano.a(lib_a-impure.o)
                0x0000000024000014                _impure_ptr
 .data.impure_data
                0x0000000024000018       0x60 c:/st/stm32cubeide_1.9.0/stm32cubeide/plugins/com.st.stm32cube.ide.mcu.externaltools.gnu-tools-for-stm32.10.3-2021.10.win32_1.0.0.202111181127/tools/bin/../lib/gcc/arm-none-eabi/10.3.1/../../../../arm-none-eabi/lib/thumb/v7e-m+dp/hard\libc_nano.a(lib_a-impure.o)
 *(.RamFunc)
 *(.RamFunc*)
                0x0000000024000078                . = ALIGN (0x4)
                0x0000000024000078                _edata = .

.igot.plt       0x0000000024000078        0x0 load address 0x0000000008006ae0
 .igot.plt      0x0000000024000078        0x0 c:/st/stm32cubeide_1.9.0/stm32cubeide/plugins/com.st.stm32cube.ide.mcu.externaltools.gnu-tools-for-stm32.10.3-2021.10.win32_1.0.0.202111181127/tools/bin/../lib/gcc/arm-none-eabi/10.3.1/thumb/v7e-m+dp/hard/crtbegin.o
                0x0000000024000078                . = ALIGN (0x4)

.bss            0x0000000024000078     0x5090 load address 0x0000000008006ae0
                0x0000000024000078                _sbss = .
                0x0000000024000078                __bss_start__ = _sbss
 *(.bss)
 .bss           0x0000000024000078       0x1c c:/st/stm32cubeide_1.9.0/stm32cubeide/plugins/com.st.stm32cube.ide.mcu.externaltools.gnu-tools-for-stm32.10.3-2021.10.win32_1.0.0.202111181127/tools/bin/../lib/gcc/arm-none-eabi/10.3.1/thumb/v7e-m+dp/hard/crtbegin.o
 *(.bss*)
 .bss.htim7     0x0000000024000094       0x4c ./Core/Src/main.o
                0x0000000024000094                htim7
 .bss.Sine2Handle
                0x00000000240000e0        0x4 ./Core/Src/main.o
                0x00000000240000e0                Sine2Handle
 .bss.Sine10Handle
                0x00000000240000e4        0x4 ./Core/Src/main.o
                0x00000000240000e4                Sine10Handle
 .bss.SumHandle
                0x00000000240000e8        0x4 ./Core/Src/main.o
                0x00000000240000e8                SumHandle
 *fill*         0x00000000240000ec        0x4 
 .bss.DSP_ContinuousTFSine2_st
                0x00000000240000f0      0x168 ./Core/Src/main.o
                0x00000000240000f0                DSP_ContinuousTFSine2_st
 .bss.DSP_DiscreteTFSine2_st
                0x0000000024000258      0x168 ./Core/Src/main.o
                0x0000000024000258                DSP_DiscreteTFSine2_st
 .bss.DSP_LPFilterP_st
                0x00000000240003c0      0x168 ./Core/Src/main.o
                0x00000000240003c0                DSP_LPFilterP_st
 .bss.DSP_LPFilterZ_st
                0x0000000024000528      0x168 ./Core/Src/main.o
                0x0000000024000528                DSP_LPFilterZ_st
 .bss.outputSine21
                0x0000000024000690        0x4 ./Core/Src/main.o
                0x0000000024000690                outputSine21
 .bss.outputSine101
                0x0000000024000694        0x4 ./Core/Src/main.o
                0x0000000024000694                outputSine101
 .bss.outputSum1
                0x0000000024000698        0x4 ./Core/Src/main.o
                0x0000000024000698                outputSum1
 .bss.Return    0x000000002400069c        0x1 ./Core/Src/main.o
                0x000000002400069c                Return
 *fill*         0x000000002400069d        0x3 
 .bss.htim6     0x00000000240006a0       0x4c ./Core/Src/stm32h7xx_hal_timebase_tim.o
                0x00000000240006a0                htim6
 .bss.uwTick    0x00000000240006ec        0x4 ./Drivers/STM32H7xx_HAL_Driver/stm32h7xx_hal.o
                0x00000000240006ec                uwTick
 .bss.KernelState
                0x00000000240006f0        0x4 ./Middlewares/Third_Party/FreeRTOS/cmsis_os2.o
 .bss.Idle_TCB.3
                0x00000000240006f4       0xbc ./Middlewares/Third_Party/FreeRTOS/cmsis_os2.o
 .bss.Idle_Stack.2
                0x00000000240007b0      0x200 ./Middlewares/Third_Party/FreeRTOS/cmsis_os2.o
 .bss.Timer_TCB.1
                0x00000000240009b0       0xbc ./Middlewares/Third_Party/FreeRTOS/cmsis_os2.o
 .bss.Timer_Stack.0
                0x0000000024000a6c      0x400 ./Middlewares/Third_Party/FreeRTOS/cmsis_os2.o
 .bss.ucHeap    0x0000000024000e6c     0x3c00 ./Middlewares/Third_Party/FreeRTOS/heap_4.o
 .bss.xStart    0x0000000024004a6c        0x8 ./Middlewares/Third_Party/FreeRTOS/heap_4.o
 .bss.pxEnd     0x0000000024004a74        0x4 ./Middlewares/Third_Party/FreeRTOS/heap_4.o
 .bss.xFreeBytesRemaining
                0x0000000024004a78        0x4 ./Middlewares/Third_Party/FreeRTOS/heap_4.o
 .bss.xMinimumEverFreeBytesRemaining
                0x0000000024004a7c        0x4 ./Middlewares/Third_Party/FreeRTOS/heap_4.o
 .bss.xNumberOfSuccessfulAllocations
                0x0000000024004a80        0x4 ./Middlewares/Third_Party/FreeRTOS/heap_4.o
 .bss.xNumberOfSuccessfulFrees
                0x0000000024004a84        0x4 ./Middlewares/Third_Party/FreeRTOS/heap_4.o
 .bss.xBlockAllocatedBit
                0x0000000024004a88        0x4 ./Middlewares/Third_Party/FreeRTOS/heap_4.o
 .bss.ucMaxSysCallPriority
                0x0000000024004a8c        0x1 ./Middlewares/Third_Party/FreeRTOS/port.o
 *fill*         0x0000000024004a8d        0x3 
 .bss.ulMaxPRIGROUPValue
                0x0000000024004a90        0x4 ./Middlewares/Third_Party/FreeRTOS/port.o
 .bss.xQueueRegistry
                0x0000000024004a94       0x40 ./Middlewares/Third_Party/FreeRTOS/queue.o
                0x0000000024004a94                xQueueRegistry
 .bss.pxCurrentTCB
                0x0000000024004ad4        0x4 ./Middlewares/Third_Party/FreeRTOS/tasks.o
                0x0000000024004ad4                pxCurrentTCB
 .bss.pxReadyTasksLists
                0x0000000024004ad8      0x460 ./Middlewares/Third_Party/FreeRTOS/tasks.o
 .bss.xDelayedTaskList1
                0x0000000024004f38       0x14 ./Middlewares/Third_Party/FreeRTOS/tasks.o
 .bss.xDelayedTaskList2
                0x0000000024004f4c       0x14 ./Middlewares/Third_Party/FreeRTOS/tasks.o
 .bss.pxDelayedTaskList
                0x0000000024004f60        0x4 ./Middlewares/Third_Party/FreeRTOS/tasks.o
 .bss.pxOverflowDelayedTaskList
                0x0000000024004f64        0x4 ./Middlewares/Third_Party/FreeRTOS/tasks.o
 .bss.xPendingReadyList
                0x0000000024004f68       0x14 ./Middlewares/Third_Party/FreeRTOS/tasks.o
 .bss.xTasksWaitingTermination
                0x0000000024004f7c       0x14 ./Middlewares/Third_Party/FreeRTOS/tasks.o
 .bss.uxDeletedTasksWaitingCleanUp
                0x0000000024004f90        0x4 ./Middlewares/Third_Party/FreeRTOS/tasks.o
 .bss.xSuspendedTaskList
                0x0000000024004f94       0x14 ./Middlewares/Third_Party/FreeRTOS/tasks.o
 .bss.uxCurrentNumberOfTasks
                0x0000000024004fa8        0x4 ./Middlewares/Third_Party/FreeRTOS/tasks.o
 .bss.xTickCount
                0x0000000024004fac        0x4 ./Middlewares/Third_Party/FreeRTOS/tasks.o
 .bss.uxTopReadyPriority
                0x0000000024004fb0        0x4 ./Middlewares/Third_Party/FreeRTOS/tasks.o
 .bss.xSchedulerRunning
                0x0000000024004fb4        0x4 ./Middlewares/Third_Party/FreeRTOS/tasks.o
 .bss.xPendedTicks
                0x0000000024004fb8        0x4 ./Middlewares/Third_Party/FreeRTOS/tasks.o
 .bss.xYieldPending
                0x0000000024004fbc        0x4 ./Middlewares/Third_Party/FreeRTOS/tasks.o
 .bss.xNumOfOverflows
                0x0000000024004fc0        0x4 ./Middlewares/Third_Party/FreeRTOS/tasks.o
 .bss.uxTaskNumber
                0x0000000024004fc4        0x4 ./Middlewares/Third_Party/FreeRTOS/tasks.o
 .bss.xNextTaskUnblockTime
                0x0000000024004fc8        0x4 ./Middlewares/Third_Party/FreeRTOS/tasks.o
 .bss.xIdleTaskHandle
                0x0000000024004fcc        0x4 ./Middlewares/Third_Party/FreeRTOS/tasks.o
 .bss.uxSchedulerSuspended
                0x0000000024004fd0        0x4 ./Middlewares/Third_Party/FreeRTOS/tasks.o
 .bss.xActiveTimerList1
                0x0000000024004fd4       0x14 ./Middlewares/Third_Party/FreeRTOS/timers.o
 .bss.xActiveTimerList2
                0x0000000024004fe8       0x14 ./Middlewares/Third_Party/FreeRTOS/timers.o
 .bss.pxCurrentTimerList
                0x0000000024004ffc        0x4 ./Middlewares/Third_Party/FreeRTOS/timers.o
 .bss.pxOverflowTimerList
                0x0000000024005000        0x4 ./Middlewares/Third_Party/FreeRTOS/timers.o
 .bss.xTimerQueue
                0x0000000024005004        0x4 ./Middlewares/Third_Party/FreeRTOS/timers.o
 .bss.xTimerTaskHandle
                0x0000000024005008        0x4 ./Middlewares/Third_Party/FreeRTOS/timers.o
 .bss.xLastTime.2
                0x000000002400500c        0x4 ./Middlewares/Third_Party/FreeRTOS/timers.o
 .bss.ucStaticTimerQueueStorage.1
                0x0000000024005010       0xa0 ./Middlewares/Third_Party/FreeRTOS/timers.o
 .bss.xStaticTimerQueue.0
                0x00000000240050b0       0x50 ./Middlewares/Third_Party/FreeRTOS/timers.o
 .bss.__lock___malloc_recursive_mutex
                0x0000000024005100        0x1 c:/st/stm32cubeide_1.9.0/stm32cubeide/plugins/com.st.stm32cube.ide.mcu.externaltools.gnu-tools-for-stm32.10.3-2021.10.win32_1.0.0.202111181127/tools/bin/../lib/gcc/arm-none-eabi/10.3.1/../../../../arm-none-eabi/lib/thumb/v7e-m+dp/hard\libc_nano.a(lib_a-lock.o)
                0x0000000024005100                __lock___malloc_recursive_mutex
 *fill*         0x0000000024005101        0x3 
 .bss.__malloc_free_list
                0x0000000024005104        0x4 c:/st/stm32cubeide_1.9.0/stm32cubeide/plugins/com.st.stm32cube.ide.mcu.externaltools.gnu-tools-for-stm32.10.3-2021.10.win32_1.0.0.202111181127/tools/bin/../lib/gcc/arm-none-eabi/10.3.1/../../../../arm-none-eabi/lib/thumb/v7e-m+dp/hard\libc_nano.a(lib_a-nano-mallocr.o)
                0x0000000024005104                __malloc_free_list
 *(COMMON)
                0x0000000024005108                . = ALIGN (0x4)
                0x0000000024005108                _ebss = .
                0x0000000024005108                __bss_end__ = _ebss

._user_heap_stack
                0x0000000024005108      0x600 load address 0x0000000008006ae0
                0x0000000024005108                . = ALIGN (0x8)
                [!provide]                        PROVIDE (end = .)
                0x0000000024005108                PROVIDE (_end = .)
                0x0000000024005308                . = (. + _Min_Heap_Size)
 *fill*         0x0000000024005108      0x200 
                0x0000000024005708                . = (. + _Min_Stack_Size)
 *fill*         0x0000000024005308      0x400 
                0x0000000024005708                . = ALIGN (0x8)

/DISCARD/
 libc.a(*)
 libm.a(*)
 libgcc.a(*)

.ARM.attributes
                0x0000000000000000       0x2e
 *(.ARM.attributes)
 .ARM.attributes
                0x0000000000000000       0x1e c:/st/stm32cubeide_1.9.0/stm32cubeide/plugins/com.st.stm32cube.ide.mcu.externaltools.gnu-tools-for-stm32.10.3-2021.10.win32_1.0.0.202111181127/tools/bin/../lib/gcc/arm-none-eabi/10.3.1/thumb/v7e-m+dp/hard/crti.o
 .ARM.attributes
                0x000000000000001e       0x32 c:/st/stm32cubeide_1.9.0/stm32cubeide/plugins/com.st.stm32cube.ide.mcu.externaltools.gnu-tools-for-stm32.10.3-2021.10.win32_1.0.0.202111181127/tools/bin/../lib/gcc/arm-none-eabi/10.3.1/thumb/v7e-m+dp/hard/crtbegin.o
 .ARM.attributes
                0x0000000000000050       0x32 ./Common/Src/system_stm32h7xx_dualcore_boot_cm4_cm7.o
 .ARM.attributes
                0x0000000000000082       0x32 ./Core/Src/DSP_Polynom.o
 .ARM.attributes
                0x00000000000000b4       0x32 ./Core/Src/DSP_TransferFunction.o
 .ARM.attributes
                0x00000000000000e6       0x32 ./Core/Src/main.o
 .ARM.attributes
                0x0000000000000118       0x32 ./Core/Src/stm32h7xx_hal_msp.o
 .ARM.attributes
                0x000000000000014a       0x32 ./Core/Src/stm32h7xx_hal_timebase_tim.o
 .ARM.attributes
                0x000000000000017c       0x32 ./Core/Src/stm32h7xx_it.o
 .ARM.attributes
                0x00000000000001ae       0x21 ./Core/Startup/startup_stm32h745zitx.o
 .ARM.attributes
                0x00000000000001cf       0x32 ./Drivers/STM32H7xx_HAL_Driver/stm32h7xx_hal.o
 .ARM.attributes
                0x0000000000000201       0x32 ./Drivers/STM32H7xx_HAL_Driver/stm32h7xx_hal_cortex.o
 .ARM.attributes
                0x0000000000000233       0x32 ./Drivers/STM32H7xx_HAL_Driver/stm32h7xx_hal_pwr_ex.o
 .ARM.attributes
                0x0000000000000265       0x32 ./Drivers/STM32H7xx_HAL_Driver/stm32h7xx_hal_rcc.o
 .ARM.attributes
                0x0000000000000297       0x32 ./Drivers/STM32H7xx_HAL_Driver/stm32h7xx_hal_tim.o
 .ARM.attributes
                0x00000000000002c9       0x32 ./Drivers/STM32H7xx_HAL_Driver/stm32h7xx_hal_tim_ex.o
 .ARM.attributes
                0x00000000000002fb       0x32 ./Middlewares/Third_Party/FreeRTOS/cmsis_os2.o
 .ARM.attributes
                0x000000000000032d       0x32 ./Middlewares/Third_Party/FreeRTOS/heap_4.o
 .ARM.attributes
                0x000000000000035f       0x32 ./Middlewares/Third_Party/FreeRTOS/list.o
 .ARM.attributes
                0x0000000000000391       0x32 ./Middlewares/Third_Party/FreeRTOS/port.o
 .ARM.attributes
                0x00000000000003c3       0x32 ./Middlewares/Third_Party/FreeRTOS/queue.o
 .ARM.attributes
                0x00000000000003f5       0x32 ./Middlewares/Third_Party/FreeRTOS/tasks.o
 .ARM.attributes
                0x0000000000000427       0x32 ./Middlewares/Third_Party/FreeRTOS/timers.o
 .ARM.attributes
                0x0000000000000459       0x32 c:/st/stm32cubeide_1.9.0/stm32cubeide/plugins/com.st.stm32cube.ide.mcu.externaltools.gnu-tools-for-stm32.10.3-2021.10.win32_1.0.0.202111181127/tools/bin/../lib/gcc/arm-none-eabi/10.3.1/../../../../arm-none-eabi/lib/thumb/v7e-m+dp/hard\libc_nano.a(lib_a-findfp.o)
 .ARM.attributes
                0x000000000000048b       0x32 c:/st/stm32cubeide_1.9.0/stm32cubeide/plugins/com.st.stm32cube.ide.mcu.externaltools.gnu-tools-for-stm32.10.3-2021.10.win32_1.0.0.202111181127/tools/bin/../lib/gcc/arm-none-eabi/10.3.1/../../../../arm-none-eabi/lib/thumb/v7e-m+dp/hard\libc_nano.a(lib_a-impure.o)
 .ARM.attributes
                0x00000000000004bd       0x32 c:/st/stm32cubeide_1.9.0/stm32cubeide/plugins/com.st.stm32cube.ide.mcu.externaltools.gnu-tools-for-stm32.10.3-2021.10.win32_1.0.0.202111181127/tools/bin/../lib/gcc/arm-none-eabi/10.3.1/../../../../arm-none-eabi/lib/thumb/v7e-m+dp/hard\libc_nano.a(lib_a-init.o)
 .ARM.attributes
                0x00000000000004ef       0x32 c:/st/stm32cubeide_1.9.0/stm32cubeide/plugins/com.st.stm32cube.ide.mcu.externaltools.gnu-tools-for-stm32.10.3-2021.10.win32_1.0.0.202111181127/tools/bin/../lib/gcc/arm-none-eabi/10.3.1/../../../../arm-none-eabi/lib/thumb/v7e-m+dp/hard\libc_nano.a(lib_a-lock.o)
 .ARM.attributes
                0x0000000000000521       0x32 c:/st/stm32cubeide_1.9.0/stm32cubeide/plugins/com.st.stm32cube.ide.mcu.externaltools.gnu-tools-for-stm32.10.3-2021.10.win32_1.0.0.202111181127/tools/bin/../lib/gcc/arm-none-eabi/10.3.1/../../../../arm-none-eabi/lib/thumb/v7e-m+dp/hard\libc_nano.a(lib_a-memcpy-stub.o)
 .ARM.attributes
                0x0000000000000553       0x32 c:/st/stm32cubeide_1.9.0/stm32cubeide/plugins/com.st.stm32cube.ide.mcu.externaltools.gnu-tools-for-stm32.10.3-2021.10.win32_1.0.0.202111181127/tools/bin/../lib/gcc/arm-none-eabi/10.3.1/../../../../arm-none-eabi/lib/thumb/v7e-m+dp/hard\libc_nano.a(lib_a-memset.o)
 .ARM.attributes
                0x0000000000000585       0x32 c:/st/stm32cubeide_1.9.0/stm32cubeide/plugins/com.st.stm32cube.ide.mcu.externaltools.gnu-tools-for-stm32.10.3-2021.10.win32_1.0.0.202111181127/tools/bin/../lib/gcc/arm-none-eabi/10.3.1/../../../../arm-none-eabi/lib/thumb/v7e-m+dp/hard\libc_nano.a(lib_a-nano-mallocr.o)
 .ARM.attributes
                0x00000000000005b7       0x32 c:/st/stm32cubeide_1.9.0/stm32cubeide/plugins/com.st.stm32cube.ide.mcu.externaltools.gnu-tools-for-stm32.10.3-2021.10.win32_1.0.0.202111181127/tools/bin/../lib/gcc/arm-none-eabi/10.3.1/../../../../arm-none-eabi/lib/thumb/v7e-m+dp/hard\libc_nano.a(lib_a-reent.o)
 .ARM.attributes
                0x00000000000005e9       0x32 c:/st/stm32cubeide_1.9.0/stm32cubeide/plugins/com.st.stm32cube.ide.mcu.externaltools.gnu-tools-for-stm32.10.3-2021.10.win32_1.0.0.202111181127/tools/bin/../lib/gcc/arm-none-eabi/10.3.1/../../../../arm-none-eabi/lib/thumb/v7e-m+dp/hard\libc_nano.a(lib_a-mlock.o)
 .ARM.attributes
                0x000000000000061b       0x32 c:/st/stm32cubeide_1.9.0/stm32cubeide/plugins/com.st.stm32cube.ide.mcu.externaltools.gnu-tools-for-stm32.10.3-2021.10.win32_1.0.0.202111181127/tools/bin/../lib/gcc/arm-none-eabi/10.3.1/../../../../arm-none-eabi/lib/thumb/v7e-m+dp/hard\libc_nano.a(lib_a-nano-freer.o)
 .ARM.attributes
                0x000000000000064d       0x32 c:/st/stm32cubeide_1.9.0/stm32cubeide/plugins/com.st.stm32cube.ide.mcu.externaltools.gnu-tools-for-stm32.10.3-2021.10.win32_1.0.0.202111181127/tools/bin/../lib/gcc/arm-none-eabi/10.3.1/../../../../arm-none-eabi/lib/thumb/v7e-m+dp/hard\libm.a(lib_a-s_sin.o)
 .ARM.attributes
                0x000000000000067f       0x32 c:/st/stm32cubeide_1.9.0/stm32cubeide/plugins/com.st.stm32cube.ide.mcu.externaltools.gnu-tools-for-stm32.10.3-2021.10.win32_1.0.0.202111181127/tools/bin/../lib/gcc/arm-none-eabi/10.3.1/../../../../arm-none-eabi/lib/thumb/v7e-m+dp/hard\libm.a(lib_a-e_rem_pio2.o)
 .ARM.attributes
                0x00000000000006b1       0x32 c:/st/stm32cubeide_1.9.0/stm32cubeide/plugins/com.st.stm32cube.ide.mcu.externaltools.gnu-tools-for-stm32.10.3-2021.10.win32_1.0.0.202111181127/tools/bin/../lib/gcc/arm-none-eabi/10.3.1/../../../../arm-none-eabi/lib/thumb/v7e-m+dp/hard\libm.a(lib_a-k_cos.o)
 .ARM.attributes
                0x00000000000006e3       0x32 c:/st/stm32cubeide_1.9.0/stm32cubeide/plugins/com.st.stm32cube.ide.mcu.externaltools.gnu-tools-for-stm32.10.3-2021.10.win32_1.0.0.202111181127/tools/bin/../lib/gcc/arm-none-eabi/10.3.1/../../../../arm-none-eabi/lib/thumb/v7e-m+dp/hard\libm.a(lib_a-k_rem_pio2.o)
 .ARM.attributes
                0x0000000000000715       0x32 c:/st/stm32cubeide_1.9.0/stm32cubeide/plugins/com.st.stm32cube.ide.mcu.externaltools.gnu-tools-for-stm32.10.3-2021.10.win32_1.0.0.202111181127/tools/bin/../lib/gcc/arm-none-eabi/10.3.1/../../../../arm-none-eabi/lib/thumb/v7e-m+dp/hard\libm.a(lib_a-k_sin.o)
 .ARM.attributes
                0x0000000000000747       0x32 c:/st/stm32cubeide_1.9.0/stm32cubeide/plugins/com.st.stm32cube.ide.mcu.externaltools.gnu-tools-for-stm32.10.3-2021.10.win32_1.0.0.202111181127/tools/bin/../lib/gcc/arm-none-eabi/10.3.1/../../../../arm-none-eabi/lib/thumb/v7e-m+dp/hard\libm.a(lib_a-s_fabs.o)
 .ARM.attributes
                0x0000000000000779       0x32 c:/st/stm32cubeide_1.9.0/stm32cubeide/plugins/com.st.stm32cube.ide.mcu.externaltools.gnu-tools-for-stm32.10.3-2021.10.win32_1.0.0.202111181127/tools/bin/../lib/gcc/arm-none-eabi/10.3.1/../../../../arm-none-eabi/lib/thumb/v7e-m+dp/hard\libm.a(lib_a-s_floor.o)
 .ARM.attributes
                0x00000000000007ab       0x32 c:/st/stm32cubeide_1.9.0/stm32cubeide/plugins/com.st.stm32cube.ide.mcu.externaltools.gnu-tools-for-stm32.10.3-2021.10.win32_1.0.0.202111181127/tools/bin/../lib/gcc/arm-none-eabi/10.3.1/../../../../arm-none-eabi/lib/thumb/v7e-m+dp/hard\libm.a(lib_a-s_scalbn.o)
 .ARM.attributes
                0x00000000000007dd       0x1e c:/st/stm32cubeide_1.9.0/stm32cubeide/plugins/com.st.stm32cube.ide.mcu.externaltools.gnu-tools-for-stm32.10.3-2021.10.win32_1.0.0.202111181127/tools/bin/../lib/gcc/arm-none-eabi/10.3.1/thumb/v7e-m+dp/hard/crtn.o
OUTPUT(DSP_Project_CM7.elf elf32-littlearm)
LOAD linker stubs
LOAD c:/st/stm32cubeide_1.9.0/stm32cubeide/plugins/com.st.stm32cube.ide.mcu.externaltools.gnu-tools-for-stm32.10.3-2021.10.win32_1.0.0.202111181127/tools/bin/../lib/gcc/arm-none-eabi/10.3.1/../../../../arm-none-eabi/lib/thumb/v7e-m+dp/hard\libc.a
LOAD c:/st/stm32cubeide_1.9.0/stm32cubeide/plugins/com.st.stm32cube.ide.mcu.externaltools.gnu-tools-for-stm32.10.3-2021.10.win32_1.0.0.202111181127/tools/bin/../lib/gcc/arm-none-eabi/10.3.1/../../../../arm-none-eabi/lib/thumb/v7e-m+dp/hard\libm.a
LOAD c:/st/stm32cubeide_1.9.0/stm32cubeide/plugins/com.st.stm32cube.ide.mcu.externaltools.gnu-tools-for-stm32.10.3-2021.10.win32_1.0.0.202111181127/tools/bin/../lib/gcc/arm-none-eabi/10.3.1/thumb/v7e-m+dp/hard\libgcc.a

.debug_info     0x0000000000000000    0x19ffd
 .debug_info    0x0000000000000000      0xdca ./Common/Src/system_stm32h7xx_dualcore_boot_cm4_cm7.o
 .debug_info    0x0000000000000dca      0x533 ./Core/Src/DSP_Polynom.o
 .debug_info    0x00000000000012fd      0x4f4 ./Core/Src/DSP_TransferFunction.o
 .debug_info    0x00000000000017f1     0x1417 ./Core/Src/main.o
 .debug_info    0x0000000000002c08      0xfdd ./Core/Src/stm32h7xx_hal_msp.o
 .debug_info    0x0000000000003be5     0x1117 ./Core/Src/stm32h7xx_hal_timebase_tim.o
 .debug_info    0x0000000000004cfc      0x844 ./Core/Src/stm32h7xx_it.o
 .debug_info    0x0000000000005540       0x22 ./Core/Startup/startup_stm32h745zitx.o
 .debug_info    0x0000000000005562     0x1826 ./Drivers/STM32H7xx_HAL_Driver/stm32h7xx_hal.o
 .debug_info    0x0000000000006d88     0x118b ./Drivers/STM32H7xx_HAL_Driver/stm32h7xx_hal_cortex.o
 .debug_info    0x0000000000007f13     0x12c2 ./Drivers/STM32H7xx_HAL_Driver/stm32h7xx_hal_pwr_ex.o
 .debug_info    0x00000000000091d5      0xf48 ./Drivers/STM32H7xx_HAL_Driver/stm32h7xx_hal_rcc.o
 .debug_info    0x000000000000a11d     0x2dd1 ./Drivers/STM32H7xx_HAL_Driver/stm32h7xx_hal_tim.o
 .debug_info    0x000000000000ceee     0x18f4 ./Drivers/STM32H7xx_HAL_Driver/stm32h7xx_hal_tim_ex.o
 .debug_info    0x000000000000e7e2     0x46b0 ./Middlewares/Third_Party/FreeRTOS/cmsis_os2.o
 .debug_info    0x0000000000012e92      0x50b ./Middlewares/Third_Party/FreeRTOS/heap_4.o
 .debug_info    0x000000000001339d      0x2d1 ./Middlewares/Third_Party/FreeRTOS/list.o
 .debug_info    0x000000000001366e      0x507 ./Middlewares/Third_Party/FreeRTOS/port.o
 .debug_info    0x0000000000013b75     0x1cbf ./Middlewares/Third_Party/FreeRTOS/queue.o
 .debug_info    0x0000000000015834     0x2b40 ./Middlewares/Third_Party/FreeRTOS/tasks.o
 .debug_info    0x0000000000018374     0x1c89 ./Middlewares/Third_Party/FreeRTOS/timers.o

.debug_abbrev   0x0000000000000000     0x321a
 .debug_abbrev  0x0000000000000000      0x147 ./Common/Src/system_stm32h7xx_dualcore_boot_cm4_cm7.o
 .debug_abbrev  0x0000000000000147      0x168 ./Core/Src/DSP_Polynom.o
 .debug_abbrev  0x00000000000002af      0x1ae ./Core/Src/DSP_TransferFunction.o
 .debug_abbrev  0x000000000000045d      0x31e ./Core/Src/main.o
 .debug_abbrev  0x000000000000077b      0x1b4 ./Core/Src/stm32h7xx_hal_msp.o
 .debug_abbrev  0x000000000000092f      0x206 ./Core/Src/stm32h7xx_hal_timebase_tim.o
 .debug_abbrev  0x0000000000000b35      0x171 ./Core/Src/stm32h7xx_it.o
 .debug_abbrev  0x0000000000000ca6       0x12 ./Core/Startup/startup_stm32h745zitx.o
 .debug_abbrev  0x0000000000000cb8      0x289 ./Drivers/STM32H7xx_HAL_Driver/stm32h7xx_hal.o
 .debug_abbrev  0x0000000000000f41      0x329 ./Drivers/STM32H7xx_HAL_Driver/stm32h7xx_hal_cortex.o
 .debug_abbrev  0x000000000000126a      0x2bc ./Drivers/STM32H7xx_HAL_Driver/stm32h7xx_hal_pwr_ex.o
 .debug_abbrev  0x0000000000001526      0x2b8 ./Drivers/STM32H7xx_HAL_Driver/stm32h7xx_hal_rcc.o
 .debug_abbrev  0x00000000000017de      0x25d ./Drivers/STM32H7xx_HAL_Driver/stm32h7xx_hal_tim.o
 .debug_abbrev  0x0000000000001a3b      0x265 ./Drivers/STM32H7xx_HAL_Driver/stm32h7xx_hal_tim_ex.o
 .debug_abbrev  0x0000000000001ca0      0x529 ./Middlewares/Third_Party/FreeRTOS/cmsis_os2.o
 .debug_abbrev  0x00000000000021c9      0x212 ./Middlewares/Third_Party/FreeRTOS/heap_4.o
 .debug_abbrev  0x00000000000023db       0xf2 ./Middlewares/Third_Party/FreeRTOS/list.o
 .debug_abbrev  0x00000000000024cd      0x259 ./Middlewares/Third_Party/FreeRTOS/port.o
 .debug_abbrev  0x0000000000002726      0x3a1 ./Middlewares/Third_Party/FreeRTOS/queue.o
 .debug_abbrev  0x0000000000002ac7      0x3f3 ./Middlewares/Third_Party/FreeRTOS/tasks.o
 .debug_abbrev  0x0000000000002eba      0x360 ./Middlewares/Third_Party/FreeRTOS/timers.o

.debug_aranges  0x0000000000000000     0x1498
 .debug_aranges
                0x0000000000000000       0x28 ./Common/Src/system_stm32h7xx_dualcore_boot_cm4_cm7.o
 .debug_aranges
                0x0000000000000028       0x58 ./Core/Src/DSP_Polynom.o
 .debug_aranges
                0x0000000000000080       0x48 ./Core/Src/DSP_TransferFunction.o
 .debug_aranges
                0x00000000000000c8       0x58 ./Core/Src/main.o
 .debug_aranges
                0x0000000000000120       0x30 ./Core/Src/stm32h7xx_hal_msp.o
 .debug_aranges
                0x0000000000000150       0x30 ./Core/Src/stm32h7xx_hal_timebase_tim.o
 .debug_aranges
                0x0000000000000180       0x58 ./Core/Src/stm32h7xx_it.o
 .debug_aranges
                0x00000000000001d8       0x28 ./Core/Startup/startup_stm32h745zitx.o
 .debug_aranges
                0x0000000000000200      0x200 ./Drivers/STM32H7xx_HAL_Driver/stm32h7xx_hal.o
 .debug_aranges
                0x0000000000000400      0x120 ./Drivers/STM32H7xx_HAL_Driver/stm32h7xx_hal_cortex.o
 .debug_aranges
                0x0000000000000520      0x170 ./Drivers/STM32H7xx_HAL_Driver/stm32h7xx_hal_pwr_ex.o
 .debug_aranges
                0x0000000000000690       0x88 ./Drivers/STM32H7xx_HAL_Driver/stm32h7xx_hal_rcc.o
 .debug_aranges
                0x0000000000000718      0x3e0 ./Drivers/STM32H7xx_HAL_Driver/stm32h7xx_hal_tim.o
 .debug_aranges
                0x0000000000000af8      0x188 ./Drivers/STM32H7xx_HAL_Driver/stm32h7xx_hal_tim_ex.o
 .debug_aranges
                0x0000000000000c80      0x2b0 ./Middlewares/Third_Party/FreeRTOS/cmsis_os2.o
 .debug_aranges
                0x0000000000000f30       0x58 ./Middlewares/Third_Party/FreeRTOS/heap_4.o
 .debug_aranges
                0x0000000000000f88       0x40 ./Middlewares/Third_Party/FreeRTOS/list.o
 .debug_aranges
                0x0000000000000fc8       0x80 ./Middlewares/Third_Party/FreeRTOS/port.o
 .debug_aranges
                0x0000000000001048      0x158 ./Middlewares/Third_Party/FreeRTOS/queue.o
 .debug_aranges
                0x00000000000011a0      0x208 ./Middlewares/Third_Party/FreeRTOS/tasks.o
 .debug_aranges
                0x00000000000013a8       0xf0 ./Middlewares/Third_Party/FreeRTOS/timers.o

.debug_ranges   0x0000000000000000     0x1350
 .debug_ranges  0x0000000000000000       0x18 ./Common/Src/system_stm32h7xx_dualcore_boot_cm4_cm7.o
 .debug_ranges  0x0000000000000018       0x48 ./Core/Src/DSP_Polynom.o
 .debug_ranges  0x0000000000000060       0x38 ./Core/Src/DSP_TransferFunction.o
 .debug_ranges  0x0000000000000098       0x48 ./Core/Src/main.o
 .debug_ranges  0x00000000000000e0       0x20 ./Core/Src/stm32h7xx_hal_msp.o
 .debug_ranges  0x0000000000000100       0x20 ./Core/Src/stm32h7xx_hal_timebase_tim.o
 .debug_ranges  0x0000000000000120       0x48 ./Core/Src/stm32h7xx_it.o
 .debug_ranges  0x0000000000000168       0x20 ./Core/Startup/startup_stm32h745zitx.o
 .debug_ranges  0x0000000000000188      0x1f0 ./Drivers/STM32H7xx_HAL_Driver/stm32h7xx_hal.o
 .debug_ranges  0x0000000000000378      0x110 ./Drivers/STM32H7xx_HAL_Driver/stm32h7xx_hal_cortex.o
 .debug_ranges  0x0000000000000488      0x160 ./Drivers/STM32H7xx_HAL_Driver/stm32h7xx_hal_pwr_ex.o
 .debug_ranges  0x00000000000005e8       0x78 ./Drivers/STM32H7xx_HAL_Driver/stm32h7xx_hal_rcc.o
 .debug_ranges  0x0000000000000660      0x3d0 ./Drivers/STM32H7xx_HAL_Driver/stm32h7xx_hal_tim.o
 .debug_ranges  0x0000000000000a30      0x178 ./Drivers/STM32H7xx_HAL_Driver/stm32h7xx_hal_tim_ex.o
 .debug_ranges  0x0000000000000ba8      0x2a0 ./Middlewares/Third_Party/FreeRTOS/cmsis_os2.o
 .debug_ranges  0x0000000000000e48       0x48 ./Middlewares/Third_Party/FreeRTOS/heap_4.o
 .debug_ranges  0x0000000000000e90       0x30 ./Middlewares/Third_Party/FreeRTOS/list.o
 .debug_ranges  0x0000000000000ec0       0x70 ./Middlewares/Third_Party/FreeRTOS/port.o
 .debug_ranges  0x0000000000000f30      0x148 ./Middlewares/Third_Party/FreeRTOS/queue.o
 .debug_ranges  0x0000000000001078      0x1f8 ./Middlewares/Third_Party/FreeRTOS/tasks.o
 .debug_ranges  0x0000000000001270       0xe0 ./Middlewares/Third_Party/FreeRTOS/timers.o

.debug_macro    0x0000000000000000    0x3a36c
 .debug_macro   0x0000000000000000      0x294 ./Common/Src/system_stm32h7xx_dualcore_boot_cm4_cm7.o
 .debug_macro   0x0000000000000294      0xa96 ./Common/Src/system_stm32h7xx_dualcore_boot_cm4_cm7.o
 .debug_macro   0x0000000000000d2a       0x2e ./Common/Src/system_stm32h7xx_dualcore_boot_cm4_cm7.o
 .debug_macro   0x0000000000000d58       0x49 ./Common/Src/system_stm32h7xx_dualcore_boot_cm4_cm7.o
 .debug_macro   0x0000000000000da1       0x22 ./Common/Src/system_stm32h7xx_dualcore_boot_cm4_cm7.o
 .debug_macro   0x0000000000000dc3       0x8e ./Common/Src/system_stm32h7xx_dualcore_boot_cm4_cm7.o
 .debug_macro   0x0000000000000e51       0x51 ./Common/Src/system_stm32h7xx_dualcore_boot_cm4_cm7.o
 .debug_macro   0x0000000000000ea2      0x103 ./Common/Src/system_stm32h7xx_dualcore_boot_cm4_cm7.o
 .debug_macro   0x0000000000000fa5       0x6a ./Common/Src/system_stm32h7xx_dualcore_boot_cm4_cm7.o
 .debug_macro   0x000000000000100f      0x1df ./Common/Src/system_stm32h7xx_dualcore_boot_cm4_cm7.o
 .debug_macro   0x00000000000011ee       0x1c ./Common/Src/system_stm32h7xx_dualcore_boot_cm4_cm7.o
 .debug_macro   0x000000000000120a       0x22 ./Common/Src/system_stm32h7xx_dualcore_boot_cm4_cm7.o
 .debug_macro   0x000000000000122c       0xfb ./Common/Src/system_stm32h7xx_dualcore_boot_cm4_cm7.o
 .debug_macro   0x0000000000001327     0x1305 ./Common/Src/system_stm32h7xx_dualcore_boot_cm4_cm7.o
 .debug_macro   0x000000000000262c      0x11f ./Common/Src/system_stm32h7xx_dualcore_boot_cm4_cm7.o
 .debug_macro   0x000000000000274b       0x27 ./Common/Src/system_stm32h7xx_dualcore_boot_cm4_cm7.o
 .debug_macro   0x0000000000002772    0x26d42 ./Common/Src/system_stm32h7xx_dualcore_boot_cm4_cm7.o
 .debug_macro   0x00000000000294b4       0x6d ./Common/Src/system_stm32h7xx_dualcore_boot_cm4_cm7.o
 .debug_macro   0x0000000000029521      0x232 ./Common/Src/system_stm32h7xx_dualcore_boot_cm4_cm7.o
 .debug_macro   0x0000000000029753     0x3d22 ./Common/Src/system_stm32h7xx_dualcore_boot_cm4_cm7.o
 .debug_macro   0x000000000002d475      0x174 ./Common/Src/system_stm32h7xx_dualcore_boot_cm4_cm7.o
 .debug_macro   0x000000000002d5e9       0x52 ./Common/Src/system_stm32h7xx_dualcore_boot_cm4_cm7.o
 .debug_macro   0x000000000002d63b       0x1d ./Common/Src/system_stm32h7xx_dualcore_boot_cm4_cm7.o
 .debug_macro   0x000000000002d658       0x3c ./Common/Src/system_stm32h7xx_dualcore_boot_cm4_cm7.o
 .debug_macro   0x000000000002d694       0x34 ./Common/Src/system_stm32h7xx_dualcore_boot_cm4_cm7.o
 .debug_macro   0x000000000002d6c8       0x16 ./Common/Src/system_stm32h7xx_dualcore_boot_cm4_cm7.o
 .debug_macro   0x000000000002d6de       0x43 ./Common/Src/system_stm32h7xx_dualcore_boot_cm4_cm7.o
 .debug_macro   0x000000000002d721       0x34 ./Common/Src/system_stm32h7xx_dualcore_boot_cm4_cm7.o
 .debug_macro   0x000000000002d755       0x10 ./Common/Src/system_stm32h7xx_dualcore_boot_cm4_cm7.o
 .debug_macro   0x000000000002d765       0x58 ./Common/Src/system_stm32h7xx_dualcore_boot_cm4_cm7.o
 .debug_macro   0x000000000002d7bd       0x71 ./Common/Src/system_stm32h7xx_dualcore_boot_cm4_cm7.o
 .debug_macro   0x000000000002d82e       0x1c ./Common/Src/system_stm32h7xx_dualcore_boot_cm4_cm7.o
 .debug_macro   0x000000000002d84a      0x12a ./Common/Src/system_stm32h7xx_dualcore_boot_cm4_cm7.o
 .debug_macro   0x000000000002d974      0x341 ./Common/Src/system_stm32h7xx_dualcore_boot_cm4_cm7.o
 .debug_macro   0x000000000002dcb5      0x19b ./Common/Src/system_stm32h7xx_dualcore_boot_cm4_cm7.o
 .debug_macro   0x000000000002de50       0x5d ./Common/Src/system_stm32h7xx_dualcore_boot_cm4_cm7.o
 .debug_macro   0x000000000002dead     0x3a9d ./Common/Src/system_stm32h7xx_dualcore_boot_cm4_cm7.o
 .debug_macro   0x000000000003194a     0x1048 ./Common/Src/system_stm32h7xx_dualcore_boot_cm4_cm7.o
 .debug_macro   0x0000000000032992      0x14d ./Common/Src/system_stm32h7xx_dualcore_boot_cm4_cm7.o
 .debug_macro   0x0000000000032adf      0x130 ./Common/Src/system_stm32h7xx_dualcore_boot_cm4_cm7.o
 .debug_macro   0x0000000000032c0f      0x3be ./Common/Src/system_stm32h7xx_dualcore_boot_cm4_cm7.o
 .debug_macro   0x0000000000032fcd       0xac ./Common/Src/system_stm32h7xx_dualcore_boot_cm4_cm7.o
 .debug_macro   0x0000000000033079      0x72d ./Common/Src/system_stm32h7xx_dualcore_boot_cm4_cm7.o
 .debug_macro   0x00000000000337a6      0x228 ./Common/Src/system_stm32h7xx_dualcore_boot_cm4_cm7.o
 .debug_macro   0x00000000000339ce       0x66 ./Common/Src/system_stm32h7xx_dualcore_boot_cm4_cm7.o
 .debug_macro   0x0000000000033a34      0x3bb ./Common/Src/system_stm32h7xx_dualcore_boot_cm4_cm7.o
 .debug_macro   0x0000000000033def      0x407 ./Common/Src/system_stm32h7xx_dualcore_boot_cm4_cm7.o
 .debug_macro   0x00000000000341f6      0x27c ./Common/Src/system_stm32h7xx_dualcore_boot_cm4_cm7.o
 .debug_macro   0x0000000000034472      0x3ca ./Common/Src/system_stm32h7xx_dualcore_boot_cm4_cm7.o
 .debug_macro   0x000000000003483c      0x4a2 ./Common/Src/system_stm32h7xx_dualcore_boot_cm4_cm7.o
 .debug_macro   0x0000000000034cde       0x51 ./Common/Src/system_stm32h7xx_dualcore_boot_cm4_cm7.o
 .debug_macro   0x0000000000034d2f       0x4a ./Common/Src/system_stm32h7xx_dualcore_boot_cm4_cm7.o
 .debug_macro   0x0000000000034d79      0x22c ./Common/Src/system_stm32h7xx_dualcore_boot_cm4_cm7.o
 .debug_macro   0x0000000000034fa5       0x67 ./Common/Src/system_stm32h7xx_dualcore_boot_cm4_cm7.o
 .debug_macro   0x000000000003500c       0xa5 ./Common/Src/system_stm32h7xx_dualcore_boot_cm4_cm7.o
 .debug_macro   0x00000000000350b1      0x218 ./Common/Src/system_stm32h7xx_dualcore_boot_cm4_cm7.o
 .debug_macro   0x00000000000352c9      0x2ea ./Common/Src/system_stm32h7xx_dualcore_boot_cm4_cm7.o
 .debug_macro   0x00000000000355b3       0x35 ./Common/Src/system_stm32h7xx_dualcore_boot_cm4_cm7.o
 .debug_macro   0x00000000000355e8      0xaec ./Common/Src/system_stm32h7xx_dualcore_boot_cm4_cm7.o
 .debug_macro   0x00000000000360d4      0x29f ./Common/Src/system_stm32h7xx_dualcore_boot_cm4_cm7.o
 .debug_macro   0x0000000000036373      0x798 ./Common/Src/system_stm32h7xx_dualcore_boot_cm4_cm7.o
 .debug_macro   0x0000000000036b0b      0x187 ./Core/Src/DSP_Polynom.o
 .debug_macro   0x0000000000036c92       0x4c ./Core/Src/DSP_Polynom.o
 .debug_macro   0x0000000000036cde       0x94 ./Core/Src/DSP_Polynom.o
 .debug_macro   0x0000000000036d72       0x57 ./Core/Src/DSP_Polynom.o
 .debug_macro   0x0000000000036dc9       0x10 ./Core/Src/DSP_Polynom.o
 .debug_macro   0x0000000000036dd9       0x35 ./Core/Src/DSP_Polynom.o
 .debug_macro   0x0000000000036e0e       0x20 ./Core/Src/DSP_Polynom.o
 .debug_macro   0x0000000000036e2e       0x16 ./Core/Src/DSP_Polynom.o
 .debug_macro   0x0000000000036e44       0x16 ./Core/Src/DSP_Polynom.o
 .debug_macro   0x0000000000036e5a       0x29 ./Core/Src/DSP_Polynom.o
 .debug_macro   0x0000000000036e83       0x16 ./Core/Src/DSP_Polynom.o
 .debug_macro   0x0000000000036e99      0x18b ./Core/Src/DSP_TransferFunction.o
 .debug_macro   0x0000000000037024      0x3d7 ./Core/Src/main.o
 .debug_macro   0x00000000000373fb      0x16f ./Core/Src/main.o
 .debug_macro   0x000000000003756a       0x16 ./Core/Src/main.o
 .debug_macro   0x0000000000037580       0x66 ./Core/Src/main.o
 .debug_macro   0x00000000000375e6       0x74 ./Core/Src/main.o
 .debug_macro   0x000000000003765a       0xdd ./Core/Src/main.o
 .debug_macro   0x0000000000037737       0x16 ./Core/Src/main.o
 .debug_macro   0x000000000003774d      0x29e ./Core/Src/stm32h7xx_hal_msp.o
 .debug_macro   0x00000000000379eb      0x294 ./Core/Src/stm32h7xx_hal_timebase_tim.o
 .debug_macro   0x0000000000037c7f      0x2a8 ./Core/Src/stm32h7xx_it.o
 .debug_macro   0x0000000000037f27      0x2be ./Drivers/STM32H7xx_HAL_Driver/stm32h7xx_hal.o
 .debug_macro   0x00000000000381e5      0x294 ./Drivers/STM32H7xx_HAL_Driver/stm32h7xx_hal_cortex.o
 .debug_macro   0x0000000000038479      0x2cd ./Drivers/STM32H7xx_HAL_Driver/stm32h7xx_hal_pwr_ex.o
 .debug_macro   0x0000000000038746      0x2b8 ./Drivers/STM32H7xx_HAL_Driver/stm32h7xx_hal_rcc.o
 .debug_macro   0x00000000000389fe      0x295 ./Drivers/STM32H7xx_HAL_Driver/stm32h7xx_hal_tim.o
 .debug_macro   0x0000000000038c93      0x294 ./Drivers/STM32H7xx_HAL_Driver/stm32h7xx_hal_tim_ex.o
 .debug_macro   0x0000000000038f27      0x405 ./Middlewares/Third_Party/FreeRTOS/cmsis_os2.o
 .debug_macro   0x000000000003932c       0x10 ./Middlewares/Third_Party/FreeRTOS/cmsis_os2.o